<html>
<body>
<pre>
<h1>µVision Build Log</h1>
<h2>Tool Versions:</h2>
IDE-Version: µVision V5.26.2.0
Copyright (C) 2018 ARM Ltd and ARM Germany GmbH. All rights reserved.
License Information: Minh Nguyen Binh, VGU, LIC=03C74-FAQYY-8T03P-MWVZG-UQX67-NV0RG
 
Tool Versions:
Toolchain:       MDK-ARM Plus  Version: 5.26.2.0
Toolchain Path:  C:\Keil_v5\ARM\ARMCC\Bin
C Compiler:      Armcc.exe V5.06 update 6 (build 750)
Assembler:       Armasm.exe V5.06 update 6 (build 750)
Linker/Locator:  ArmLink.exe V5.06 update 6 (build 750)
Library Manager: ArmAr.exe V5.06 update 6 (build 750)
Hex Converter:   FromElf.exe V5.06 update 6 (build 750)
CPU DLL:         SARMCM3.DLL V5.26.2.0
Dialog DLL:      DCM.DLL V1.17.2.0
Target DLL:      STLink\ST-LINKIII-KEIL_SWO.dll V3.0.5.0
Dialog DLL:      TCM.DLL V1.36.1.0
 
<h2>Project:</h2>
G:\MSST_Thesis\Firmware\Thesis_firmware\NBIOT_errordetect_OS_OS_MUTEX_FINAL16MHz_1MACDINHCHI\AQI_NBIOT_RTX_v3\MDK-ARM\STM32L1_AQI.uvprojx
Project File Date:  10/26/2020

<h2>Output:</h2>
*** Using Compiler 'V5.06 update 6 (build 750)', folder: 'C:\Keil_v5\ARM\ARMCC\Bin'
Rebuild target 'STM32L1_AQI'
assembling startup_stm32l152xb.s...
compiling ssd1306_fonts.c...
compiling ssd1306.c...
compiling ssd1306_tests.c...
compiling stm32l1xx_it.c...
compiling GPS.c...
compiling system_stm32l1xx.c...
compiling stm32l1xx_hal_adc_ex.c...
compiling bmp280.c...
compiling stm32l1xx_hal_msp.c...
compiling stm32l1xx_hal_adc.c...
compiling stm32l1xx_hal.c...
C:/Users/Admin/STM32Cube/Repository/STM32Cube_FW_L1_V1.9.0/Drivers/STM32L1xx_HAL_Driver/Src/stm32l1xx_hal.c(86): warning:  #1295-D: Deprecated declaration HAL_GetTick - give arg types
  extern uint32_t HAL_GetTick();
C:/Users/Admin/STM32Cube/Repository/STM32Cube_FW_L1_V1.9.0/Drivers/STM32L1xx_HAL_Driver/Src/stm32l1xx_hal.c: 1 warning, 0 errors
compiling main.c...
../myLib\AQI_thread/AQI_thread.h(108): warning:  #1-D: last line of file ends without a newline
  } data;
../Src/main.c(429): warning:  #188-D: enumerated type mixed with another type
  	HAL_GPIO_WritePin(GPIOC, GPIO_PIN_13, 1);
../Src/main.c: 2 warnings, 0 errors
compiling stm32l1xx_hal_rcc_ex.c...
compiling stm32l1xx_hal_rcc.c...
compiling stm32l1xx_hal_dma.c...
compiling stm32l1xx_hal_flash.c...
compiling stm32l1xx_hal_cortex.c...
compiling stm32l1xx_hal_flash_ex.c...
compiling stm32l1xx_hal_pwr.c...
compiling RTX_Conf_CM.c...
compiling stm32l1xx_hal_gpio.c...
compiling stm32l1xx_hal_pwr_ex.c...
compiling stm32l1xx_hal_flash_ramfunc.c...
compiling stm32l1xx_hal_i2c.c...
compiling stm32l1xx_hal_tim.c...
compiling stm32l1xx_hal_tim_ex.c...
compiling AQI_thread.c...
..\myLib\AQI_thread\AQI_thread.h(108): warning:  #1-D: last line of file ends without a newline
  } data;
..\myLib\AQI_thread\AQI_thread.c(169): warning:  #188-D: enumerated type mixed with another type
  	HAL_GPIO_WritePin(GPIOC, GPIO_PIN_13, 0);											 
..\myLib\AQI_thread\AQI_thread.c(171): warning:  #188-D: enumerated type mixed with another type
    HAL_GPIO_WritePin(GPIOC, GPIO_PIN_13, 1);
..\myLib\AQI_thread\AQI_thread.c(173): warning:  #188-D: enumerated type mixed with another type
  	HAL_GPIO_WritePin(GPIOC, GPIO_PIN_13, 0);
..\myLib\AQI_thread\AQI_thread.c(175): warning:  #188-D: enumerated type mixed with another type
  	HAL_GPIO_WritePin(GPIOC, GPIO_PIN_13, 1);
..\myLib\AQI_thread\AQI_thread.c(194): warning:  #188-D: enumerated type mixed with another type
  			HAL_GPIO_WritePin(GPIOC, GPIO_PIN_13, 0);
..\myLib\AQI_thread\AQI_thread.c(196): warning:  #188-D: enumerated type mixed with another type
  			HAL_GPIO_WritePin(GPIOC, GPIO_PIN_13, 1);
..\myLib\AQI_thread\AQI_thread.c(239): warning:  #188-D: enumerated type mixed with another type
    HAL_GPIO_WritePin(GPIOC, GPIO_PIN_13, 1);
..\myLib\AQI_thread\AQI_thread.c(240): warning:  #188-D: enumerated type mixed with another type
  	HAL_GPIO_WritePin(GPIOC, GPIO_PIN_13, 0);
..\myLib\AQI_thread\AQI_thread.c(242): warning:  #188-D: enumerated type mixed with another type
    HAL_GPIO_WritePin(GPIOC, GPIO_PIN_13, 1);			
..\myLib\AQI_thread\AQI_thread.c(381): warning:  #1-D: last line of file ends without a newline
  }
..\myLib\AQI_thread\AQI_thread.c(381): warning:  #940-D: missing return statement at end of non-void function "gas_read" 
  }
..\myLib\AQI_thread\AQI_thread.c(367): warning:  #177-D: variable "end"  was declared but never referenced
  	  uint16_t end = start;
..\myLib\AQI_thread\AQI_thread.c(369): warning:  #550-D: variable "receive_data"  was set but never used
  		char receive_data[100];
..\myLib\AQI_thread\AQI_thread.c: 14 warnings, 0 errors
compiling stm32l1xx_hal_uart.c...
linking...
Program Size: Code=30724 RO-data=12520 RW-data=288 ZI-data=9464  
FromELF: creating hex file...
"STM32L1_AQI\STM32L1_AQI.axf" - 0 Error(s), 17 Warning(s).

<h2>Software Packages used:</h2>

Package Vendor: ARM
                http://www.keil.com/pack/ARM.CMSIS.5.6.0.pack
                ARM.CMSIS.5.6.0
                CMSIS (Cortex Microcontroller Software Interface Standard)
   * Component: RTOS Version: 1.0.0
   * Component: CORE Version: 5.3.0
   * Component: Keil RTX Version: 4.82.0

Package Vendor: Keil
                http://www.keil.com/pack/Keil.STM32L1xx_DFP.1.2.0.pack
                Keil.STM32L1xx_DFP.1.2.0
                STMicroelectronics STM32L1 Series Device Support and Examples
   * Component: Startup Version: 2.0.0

<h2>Collection of Component include folders:</h2>
  .\RTE\_STM32L1_AQI
  C:\Keil_v5\ARM\PACK\ARM\CMSIS\5.6.0\CMSIS\Core\Include
  C:\Keil_v5\ARM\PACK\ARM\CMSIS\5.6.0\CMSIS\RTOS\RTX\INC
  C:\Keil_v5\ARM\PACK\Keil\STM32L1xx_DFP\1.2.0\Device\Include

<h2>Collection of Component Files used:</h2>

   * Component: ::CMSIS:RTOS:1.0.0 (API)

   * Component: ARM::CMSIS:CORE:5.3.0

   * Component: ARM::CMSIS:RTOS:Keil RTX:4.82.0
      Source file:   CMSIS\RTOS\RTX\UserCodeTemplates\main.c
      Source file:   CMSIS\RTOS\RTX\SRC\ARM\SVC_Table.s
      Library file:  CMSIS\RTOS\RTX\LIB\ARM\RTX_CM3.lib
      Source file:   CMSIS\RTOS\RTX\UserCodeTemplates\MailQueue.c
      Source file:   CMSIS\RTOS\RTX\UserCodeTemplates\MemPool.c
      Source file:   CMSIS\RTOS\RTX\UserCodeTemplates\MsgQueue.c
      Source file:   CMSIS\RTOS\RTX\UserCodeTemplates\Mutex.c
      Source file:   CMSIS\RTOS\RTX\UserCodeTemplates\Timer.c
      Include file:  CMSIS\RTOS\RTX\UserCodeTemplates\osObjects.h
      Source file:   CMSIS\RTOS\RTX\Templates\RTX_Conf_CM.c
      Include file:  CMSIS\RTOS\RTX\INC\cmsis_os.h
      Source file:   CMSIS\RTOS\RTX\UserCodeTemplates\Semaphore.c
      Source file:   CMSIS\RTOS\RTX\UserCodeTemplates\Thread.c

   * Component: Keil::Device:Startup:2.0.0
      Source file:   Device\Source\system_stm32l1xx.c
      Source file:   Device\Source\ARM\startup_stm32l152xb.s
      Source file:   Device\Source\ARM\STM32L1xx_MD_OPT.s
Build Time Elapsed:  00:00:11
</pre>
</body>
</html>
