Component: ARM Compiler 5.06 update 6 (build 750) Tool: armlink [4d35ed]

==============================================================================

Section Cross References

    startup_stm32l152xb.o(RESET) refers to startup_stm32l152xb.o(STACK) for __initial_sp
    startup_stm32l152xb.o(RESET) refers to startup_stm32l152xb.o(.text) for Reset_Handler
    startup_stm32l152xb.o(RESET) refers to stm32l1xx_it.o(i.NMI_Handler) for NMI_Handler
    startup_stm32l152xb.o(RESET) refers to stm32l1xx_it.o(i.HardFault_Handler) for HardFault_Handler
    startup_stm32l152xb.o(RESET) refers to stm32l1xx_it.o(i.MemManage_Handler) for MemManage_Handler
    startup_stm32l152xb.o(RESET) refers to stm32l1xx_it.o(i.BusFault_Handler) for BusFault_Handler
    startup_stm32l152xb.o(RESET) refers to stm32l1xx_it.o(i.UsageFault_Handler) for UsageFault_Handler
    startup_stm32l152xb.o(RESET) refers to hal_cm3.o(.emb_text) for SVC_Handler
    startup_stm32l152xb.o(RESET) refers to stm32l1xx_it.o(i.DebugMon_Handler) for DebugMon_Handler
    startup_stm32l152xb.o(RESET) refers to stm32l1xx_it.o(i.EXTI0_IRQHandler) for EXTI0_IRQHandler
    startup_stm32l152xb.o(RESET) refers to stm32l1xx_it.o(i.TIM6_IRQHandler) for TIM6_IRQHandler
    startup_stm32l152xb.o(.text) refers to system_stm32l1xx.o(i.SystemInit) for SystemInit
    startup_stm32l152xb.o(.text) refers to entry.o(.ARM.Collect$$$$00000000) for __main
    main.o(i.BME_read_task) refers to rt_cmsis.o(i.osSemaphoreWait) for osSemaphoreWait
    main.o(i.BME_read_task) refers to aqi_thread.o(i.BME280_Init) for BME280_Init
    main.o(i.BME_read_task) refers to aqi_thread.o(i.readBME280) for readBME280
    main.o(i.BME_read_task) refers to stm32l1xx_hal_i2c.o(i.HAL_I2C_DeInit) for HAL_I2C_DeInit
    main.o(i.BME_read_task) refers to stm32l1xx_hal_i2c.o(i.HAL_I2C_Init) for HAL_I2C_Init
    main.o(i.BME_read_task) refers to rt_cmsis.o(i.osSemaphoreRelease) for osSemaphoreRelease
    main.o(i.BME_read_task) refers to main.o(.data) for Mutex_read
    main.o(i.BME_read_task) refers to aqi_thread.o(.bss) for hi2c1
    main.o(i.GPS_read_task) refers to rt_cmsis.o(i.osSemaphoreWait) for osSemaphoreWait
    main.o(i.GPS_read_task) refers to aqi_thread.o(i.mux_enable) for mux_enable
    main.o(i.GPS_read_task) refers to aqi_thread.o(i.mux_sel) for mux_sel
    main.o(i.GPS_read_task) refers to gps.o(i.GPS_Process) for GPS_Process
    main.o(i.GPS_read_task) refers to rt_cmsis.o(i.osSemaphoreRelease) for osSemaphoreRelease
    main.o(i.GPS_read_task) refers to main.o(.data) for Mutex_read
    main.o(i.HAL_GPIO_EXTI_Callback) refers to aqi_thread.o(.data) for oled_cnt_test
    main.o(i.HAL_TIM_PeriodElapsedCallback) refers to stm32l1xx_hal.o(i.HAL_IncTick) for HAL_IncTick
    main.o(i.HAL_TIM_PeriodElapsedCallback) refers to aqi_thread.o(.bss) for htim6
    main.o(i.HAL_TIM_PeriodElapsedCallback) refers to aqi_thread.o(.data) for sys_cnt
    main.o(i.MX_ADC_Init) refers to stm32l1xx_hal_adc.o(i.HAL_ADC_Init) for HAL_ADC_Init
    main.o(i.MX_ADC_Init) refers to main.o(i.Error_Handler) for Error_Handler
    main.o(i.MX_ADC_Init) refers to stm32l1xx_hal_adc.o(i.HAL_ADC_ConfigChannel) for HAL_ADC_ConfigChannel
    main.o(i.MX_ADC_Init) refers to main.o(.bss) for hadc
    main.o(i.MX_GPIO_Init) refers to memseta.o(.text) for __aeabi_memclr4
    main.o(i.MX_GPIO_Init) refers to stm32l1xx_hal_gpio.o(i.HAL_GPIO_WritePin) for HAL_GPIO_WritePin
    main.o(i.MX_GPIO_Init) refers to stm32l1xx_hal_gpio.o(i.HAL_GPIO_Init) for HAL_GPIO_Init
    main.o(i.MX_GPIO_Init) refers to stm32l1xx_hal_cortex.o(i.HAL_NVIC_SetPriority) for HAL_NVIC_SetPriority
    main.o(i.MX_GPIO_Init) refers to stm32l1xx_hal_cortex.o(i.HAL_NVIC_EnableIRQ) for HAL_NVIC_EnableIRQ
    main.o(i.MX_I2C1_Init) refers to stm32l1xx_hal_i2c.o(i.HAL_I2C_Init) for HAL_I2C_Init
    main.o(i.MX_I2C1_Init) refers to main.o(i.Error_Handler) for Error_Handler
    main.o(i.MX_I2C1_Init) refers to aqi_thread.o(.bss) for hi2c1
    main.o(i.MX_TIM6_Init) refers to stm32l1xx_hal_tim.o(i.HAL_TIM_Base_Init) for HAL_TIM_Base_Init
    main.o(i.MX_TIM6_Init) refers to main.o(i.Error_Handler) for Error_Handler
    main.o(i.MX_TIM6_Init) refers to stm32l1xx_hal_tim_ex.o(i.HAL_TIMEx_MasterConfigSynchronization) for HAL_TIMEx_MasterConfigSynchronization
    main.o(i.MX_TIM6_Init) refers to aqi_thread.o(.bss) for htim6
    main.o(i.MX_USART1_UART_Init) refers to stm32l1xx_hal_uart.o(i.HAL_UART_Init) for HAL_UART_Init
    main.o(i.MX_USART1_UART_Init) refers to main.o(i.Error_Handler) for Error_Handler
    main.o(i.MX_USART1_UART_Init) refers to aqi_thread.o(.bss) for huart1
    main.o(i.MX_USART2_UART_Init) refers to stm32l1xx_hal_uart.o(i.HAL_UART_Init) for HAL_UART_Init
    main.o(i.MX_USART2_UART_Init) refers to main.o(i.Error_Handler) for Error_Handler
    main.o(i.MX_USART2_UART_Init) refers to aqi_thread.o(.bss) for huart2
    main.o(i.MX_USART3_UART_Init) refers to stm32l1xx_hal_uart.o(i.HAL_UART_Init) for HAL_UART_Init
[...]
    .data                                    0x2000009c   Section       72  aqi_thread.o(.data)
    .data                                    0x200000e4   Section       16  rtx_conf_cm.o(.data)
    .data                                    0x200000f4   Section        8  rt_cmsis.o(.data)
    .data                                    0x200000fc   Section        8  rt_task.o(.data)
    .data                                    0x20000104   Section        8  rt_system.o(.data)
    os_lock                                  0x20000104   Data           1  rt_system.o(.data)
    os_psh_flag                              0x20000105   Data           1  rt_system.o(.data)
    pend_flags                               0x20000106   Data           1  rt_system.o(.data)
    .data                                    0x2000010c   Section        4  rt_time.o(.data)
    .data                                    0x20000110   Section        1  hal_cm.o(.data)
    .data                                    0x20000114   Section        8  rt_robin.o(.data)
    .data                                    0x2000011c   Section        4  errno.o(.data)
    _errno                                   0x2000011c   Data           4  errno.o(.data)
    .bss                                     0x20000120   Section      128  main.o(.bss)
    .bss                                     0x200001a0   Section      592  gps.o(.bss)
    .bss                                     0x200003f0   Section     1024  ssd1306.o(.bss)
    SSD1306_Buffer                           0x200003f0   Data        1024  ssd1306.o(.bss)
    .bss                                     0x200007f0   Section      776  aqi_thread.o(.bss)
    .bss                                     0x20000af8   Section     5816  rtx_conf_cm.o(.bss)
    .bss                                     0x200021b0   Section       52  rt_task.o(.bss)
    .bss                                     0x200021e4   Section       48  rt_list.o(.bss)
    STACK                                    0x20002218   Section     1024  startup_stm32l152xb.o(STACK)

    Global Symbols

    Symbol Name                              Value     Ov Type        Size  Object(Section)

    BuildAttributes$$THM_ISAv4$P$D$K$B$S$PE$A:L22UL41UL21$X:L11$S22US41US21$IEEE1$IW$USESV6$~STKCKD$USESV7$~SHL$OTIME$ROPI$IEEEX$EBA8$MICROLIB$REQ8$PRES8$EABIv2 0x00000000   Number         0  anon$$obj.o ABSOLUTE
    __ARM_use_no_argv                        0x00000000   Number         0  main.o ABSOLUTE
    _printf_a                                0x00000000   Number         0  stubs.o ABSOLUTE
    _printf_c                                0x00000000   Number         0  stubs.o ABSOLUTE
    _printf_charcount                        0x00000000   Number         0  stubs.o ABSOLUTE
    _printf_d                                0x00000000   Number         0  stubs.o ABSOLUTE
    _printf_e                                0x00000000   Number         0  stubs.o ABSOLUTE
    _printf_f                                0x00000000   Number         0  stubs.o ABSOLUTE
    _printf_flags                            0x00000000   Number         0  stubs.o ABSOLUTE
    _printf_fp_dec                           0x00000000   Number         0  stubs.o ABSOLUTE
    _printf_fp_hex                           0x00000000   Number         0  stubs.o ABSOLUTE
    _printf_g                                0x00000000   Number         0  stubs.o ABSOLUTE
    _printf_i                                0x00000000   Number         0  stubs.o ABSOLUTE
    _printf_int_dec                          0x00000000   Number         0  stubs.o ABSOLUTE
    _printf_l                                0x00000000   Number         0  stubs.o ABSOLUTE
    _printf_lc                               0x00000000   Number         0  stubs.o ABSOLUTE
    _printf_ll                               0x00000000   Number         0  stubs.o ABSOLUTE
    _printf_lld                              0x00000000   Number         0  stubs.o ABSOLUTE
    _printf_lli                              0x00000000   Number         0  stubs.o ABSOLUTE
    _printf_llo                              0x00000000   Number         0  stubs.o ABSOLUTE
    _printf_llu                              0x00000000   Number         0  stubs.o ABSOLUTE
    _printf_llx                              0x00000000   Number         0  stubs.o ABSOLUTE
    _printf_longlong_dec                     0x00000000   Number         0  stubs.o ABSOLUTE
    _printf_longlong_hex                     0x00000000   Number         0  stubs.o ABSOLUTE
    _printf_longlong_oct                     0x00000000   Number         0  stubs.o ABSOLUTE
    _printf_ls                               0x00000000   Number         0  stubs.o ABSOLUTE
    _printf_mbtowc                           0x00000000   Number         0  stubs.o ABSOLUTE
    _printf_n                                0x00000000   Number         0  stubs.o ABSOLUTE
    _printf_o                                0x00000000   Number         0  stubs.o ABSOLUTE
    _printf_p                                0x00000000   Number         0  stubs.o ABSOLUTE
    _printf_percent                          0x00000000   Number         0  stubs.o ABSOLUTE
    _printf_pre_padding                      0x00000000   Number         0  stubs.o ABSOLUTE
    _printf_return_value                     0x00000000   Number         0  stubs.o ABSOLUTE
    _printf_s                                0x00000000   Number         0  stubs.o ABSOLUTE
    _printf_sizespec                         0x00000000   Number         0  stubs.o ABSOLUTE
    _printf_str                              0x00000000   Number         0  stubs.o ABSOLUTE
    _printf_truncate_signed                  0x00000000   Number         0  stubs.o ABSOLUTE
    _printf_truncate_unsigned                0x00000000   Number         0  stubs.o ABSOLUTE
    _printf_u                                0x00000000   Number         0  stubs.o ABSOLUTE
    _printf_wc                               0x00000000   Number         0  stubs.o ABSOLUTE
    _printf_wctomb                           0x00000000   Number         0  stubs.o ABSOLUTE
    _printf_widthprec                        0x00000000   Number         0  stubs.o ABSOLUTE
    _printf_x                                0x00000000   Number         0  stubs.o ABSOLUTE
    __cpp_initialize__aeabi_                  - Undefined Weak Reference
    __cxa_finalize                            - Undefined Weak Reference
    __decompress                              - Undefined Weak Reference
    _clock_init                               - Undefined Weak Reference
    _microlib_exit                            - Undefined Weak Reference
    _scanf_longlong                           - Undefined Weak Reference
    __Vectors_Size                           0x000000f4   Number         0  startup_stm32l152xb.o ABSOLUTE
    __RL_RTX_VER                             0x00000482   Number         0  rt_system.o ABSOLUTE
    __Vectors                                0x08000000   Data           4  startup_stm32l152xb.o(RESET)
    __Vectors_End                            0x080000f4   Data           0  startup_stm32l152xb.o(RESET)
    __main                                   0x080000f5   Thumb Code     0  entry.o(.ARM.Collect$$$$00000000)
    _main_stk                                0x080000f5   Thumb Code     0  entry2.o(.ARM.Collect$$$$00000001)
    _main_scatterload                        0x080000f9   Thumb Code     0  entry5.o(.ARM.Collect$$$$00000004)
    __main_after_scatterload                 0x080000fd   Thumb Code     0  entry5.o(.ARM.Collect$$$$00000004)
    __rt_final_cpp                           0x080000fd   Thumb Code     0  entry10a.o(.ARM.Collect$$$$0000000D)
    __rt_final_exit                          0x080000fd   Thumb Code     0  entry11a.o(.ARM.Collect$$$$0000000F)
    _main_clock                              0x080000fd   Thumb Code     0  entry7b.o(.ARM.Collect$$$$00000008)
    _main_cpp_init                           0x080000fd   Thumb Code     0  entry8b.o(.ARM.Collect$$$$0000000A)
    _main_init                               0x080000fd   Thumb Code    18  rtx_conf_cm.o(.ARM.Collect$$$$000000FF)
    rt_set_PSP                               0x08000119   Thumb Code     6  hal_cm3.o(.emb_text)
    rt_get_PSP                               0x0800011f   Thumb Code     6  hal_cm3.o(.emb_text)
    os_set_env                               0x08000125   Thumb Code    24  hal_cm3.o(.emb_text)
    _alloc_box                               0x08000141   Thumb Code    28  hal_cm3.o(.emb_text)
    _free_box                                0x08000161   Thumb Code    28  hal_cm3.o(.emb_text)
    SVC_Handler                              0x08000181   Thumb Code   108  hal_cm3.o(.emb_text)
    PendSV_Handler                           0x080001f9   Thumb Code    56  hal_cm3.o(.emb_text)
    SysTick_Handler                          0x08000235   Thumb Code     8  hal_cm3.o(.emb_text)
    OS_Tick_Handler                          0x0800023d   Thumb Code    12  hal_cm3.o(.emb_text)
    Reset_Handler                            0x08000249   Thumb Code     8  startup_stm32l152xb.o(.text)
    ADC1_IRQHandler                          0x08000263   Thumb Code     0  startup_stm32l152xb.o(.text)
    COMP_IRQHandler                          0x08000263   Thumb Code     0  startup_stm32l152xb.o(.text)
    DAC_IRQHandler                           0x08000263   Thumb Code     0  startup_stm32l152xb.o(.text)
    DMA1_Channel1_IRQHandler                 0x08000263   Thumb Code     0  startup_stm32l152xb.o(.text)
    DMA1_Channel2_IRQHandler                 0x08000263   Thumb Code     0  startup_stm32l152xb.o(.text)
    DMA1_Channel3_IRQHandler                 0x08000263   Thumb Code     0  startup_stm32l152xb.o(.text)
    DMA1_Channel4_IRQHandler                 0x08000263   Thumb Code     0  startup_stm32l152xb.o(.text)
    DMA1_Channel5_IRQHandler                 0x08000263   Thumb Code     0  startup_stm32l152xb.o(.text)
    DMA1_Channel6_IRQHandler                 0x08000263   Thumb Code     0  startup_stm32l152xb.o(.text)
    DMA1_Channel7_IRQHandler                 0x08000263   Thumb Code     0  startup_stm32l152xb.o(.text)
    EXTI15_10_IRQHandler                     0x08000263   Thumb Code     0  startup_stm32l152xb.o(.text)
    EXTI1_IRQHandler                         0x08000263   Thumb Code     0  startup_stm32l152xb.o(.text)
    EXTI2_IRQHandler                         0x08000263   Thumb Code     0  startup_stm32l152xb.o(.text)
    EXTI3_IRQHandler                         0x08000263   Thumb Code     0  startup_stm32l152xb.o(.text)
    EXTI4_IRQHandler                         0x08000263   Thumb Code     0  startup_stm32l152xb.o(.text)
    EXTI9_5_IRQHandler                       0x08000263   Thumb Code     0  startup_stm32l152xb.o(.text)
    FLASH_IRQHandler                         0x08000263   Thumb Code     0  startup_stm32l152xb.o(.text)
    I2C1_ER_IRQHandler                       0x08000263   Thumb Code     0  startup_stm32l152xb.o(.text)
    I2C1_EV_IRQHandler                       0x08000263   Thumb Code     0  startup_stm32l152xb.o(.text)
    I2C2_ER_IRQHandler                       0x08000263   Thumb Code     0  startup_stm32l152xb.o(.text)
    I2C2_EV_IRQHandler                       0x08000263   Thumb Code     0  startup_stm32l152xb.o(.text)
    LCD_IRQHandler                           0x08000263   Thumb Code     0  startup_stm32l152xb.o(.text)
    PVD_IRQHandler                           0x08000263   Thumb Code     0  startup_stm32l152xb.o(.text)
    RCC_IRQHandler                           0x08000263   Thumb Code     0  startup_stm32l152xb.o(.text)
    RTC_Alarm_IRQHandler                     0x08000263   Thumb Code     0  startup_stm32l152xb.o(.text)
    RTC_WKUP_IRQHandler                      0x08000263   Thumb Code     0  startup_stm32l152xb.o(.text)
    SPI1_IRQHandler                          0x08000263   Thumb Code     0  startup_stm32l152xb.o(.text)
    SPI2_IRQHandler                          0x08000263   Thumb Code     0  startup_stm32l152xb.o(.text)
    TAMPER_STAMP_IRQHandler                  0x08000263   Thumb Code     0  startup_stm32l152xb.o(.text)
    TIM10_IRQHandler                         0x08000263   Thumb Code     0  startup_stm32l152xb.o(.text)
    TIM11_IRQHandler                         0x08000263   Thumb Code     0  startup_stm32l152xb.o(.text)
    TIM2_IRQHandler                          0x08000263   Thumb Code     0  startup_stm32l152xb.o(.text)
    TIM3_IRQHandler                          0x08000263   Thumb Code     0  startup_stm32l152xb.o(.text)
    TIM4_IRQHandler                          0x08000263   Thumb Code     0  startup_stm32l152xb.o(.text)
    TIM7_IRQHandler                          0x08000263   Thumb Code     0  startup_stm32l152xb.o(.text)
    TIM9_IRQHandler                          0x08000263   Thumb Code     0  startup_stm32l152xb.o(.text)
    USART1_IRQHandler                        0x08000263   Thumb Code     0  startup_stm32l152xb.o(.text)
    USART2_IRQHandler                        0x08000263   Thumb Code     0  startup_stm32l152xb.o(.text)
    USART3_IRQHandler                        0x08000263   Thumb Code     0  startup_stm32l152xb.o(.text)
    USB_FS_WKUP_IRQHandler                   0x08000263   Thumb Code     0  startup_stm32l152xb.o(.text)
    USB_HP_IRQHandler                        0x08000263   Thumb Code     0  startup_stm32l152xb.o(.text)
    USB_LP_IRQHandler                        0x08000263   Thumb Code     0  startup_stm32l152xb.o(.text)
    WWDG_IRQHandler                          0x08000263   Thumb Code     0  startup_stm32l152xb.o(.text)
    __aeabi_uldivmod                         0x0800026d   Thumb Code    98  uldiv.o(.text)
    __aeabi_ldivmod                          0x080002cf   Thumb Code    98  ldiv.o(.text)
    ___aeabi_memcpy$move                     0x08000331   Thumb Code    64  memmovea.o(.text)
    ___aeabi_memcpy8$move                    0x08000331   Thumb Code     0  memmovea.o(.text)
    __aeabi_memcpy4                          0x08000331   Thumb Code     0  memmovea.o(.text)
    __aeabi_memmove                          0x08000331   Thumb Code     0  memmovea.o(.text)
    __aeabi_memmove4                         0x08000331   Thumb Code     0  memmovea.o(.text)
    __aeabi_memmove8                         0x08000331   Thumb Code     0  memmovea.o(.text)
    __aeabi_memset                           0x08000371   Thumb Code    14  memseta.o(.text)
    __aeabi_memset4                          0x08000371   Thumb Code     0  memseta.o(.text)
    __aeabi_memset8                          0x08000371   Thumb Code     0  memseta.o(.text)
    __aeabi_memclr                           0x0800037f   Thumb Code     4  memseta.o(.text)
    __aeabi_memclr4                          0x0800037f   Thumb Code     0  memseta.o(.text)
    __aeabi_memclr8                          0x0800037f   Thumb Code     0  memseta.o(.text)
    _memset$wrapper                          0x08000383   Thumb Code    18  memseta.o(.text)
    strstr                                   0x08000395   Thumb Code    36  strstr.o(.text)
    strlen                                   0x080003b9   Thumb Code    14  strlen.o(.text)
    __0sscanf                                0x080003c9   Thumb Code    48  __0sscanf.o(.text)
    _scanf_int                               0x08000401   Thumb Code   332  _scanf_int.o(.text)
    _scanf_string                            0x0800054d   Thumb Code   224  _scanf_str.o(.text)
    _scanf_real                              0x08000755   Thumb Code     0  scanf_fp.o(.text)
    _scanf_really_real                       0x08000755   Thumb Code   556  scanf_fp.o(.text)
    __aeabi_fdiv                             0x0800098d   Thumb Code   124  fdiv.o(.text)
    __aeabi_dadd                             0x08000a09   Thumb Code   322  dadd.o(.text)
    __aeabi_dsub                             0x08000b4b   Thumb Code     6  dadd.o(.text)
    __aeabi_drsub                            0x08000b51   Thumb Code     6  dadd.o(.text)
    __aeabi_ddiv                             0x08000b57   Thumb Code   222  ddiv.o(.text)
    __aeabi_i2f                              0x08000c35   Thumb Code    18  fflti.o(.text)
    __aeabi_ui2f                             0x08000c47   Thumb Code    10  ffltui.o(.text)
    __aeabi_f2iz                             0x08000c51   Thumb Code    50  ffixi.o(.text)
    __aeabi_f2uiz                            0x08000c83   Thumb Code    40  ffixui.o(.text)
    __aeabi_f2d                              0x08000cab   Thumb Code    38  f2d.o(.text)
    __aeabi_d2f                              0x08000cd1   Thumb Code    56  d2f.o(.text)
    __aeabi_uidiv                            0x08000d09   Thumb Code     0  uidiv.o(.text)
    __aeabi_uidivmod                         0x08000d09   Thumb Code    44  uidiv.o(.text)
    __aeabi_llsl                             0x08000d35   Thumb Code    30  llshl.o(.text)
    _ll_shift_l                              0x08000d35   Thumb Code     0  llshl.o(.text)
    __aeabi_llsr                             0x08000d53   Thumb Code    32  llushr.o(.text)
    _ll_ushift_r                             0x08000d53   Thumb Code     0  llushr.o(.text)
    __aeabi_lasr                             0x08000d73   Thumb Code    36  llsshr.o(.text)
    _ll_sshift_r                             0x08000d73   Thumb Code     0  llsshr.o(.text)
    _chval                                   0x08000d97   Thumb Code    28  _chval.o(.text)
    __vfscanf_char                           0x08000dc1   Thumb Code    20  scanf_char.o(.text)
    _sgetc                                   0x08000ddd   Thumb Code    30  _sgetc.o(.text)
    _sbackspace                              0x08000dfb   Thumb Code    34  _sgetc.o(.text)
    __I$use$fp                               0x08000e1d   Thumb Code     0  iusefp.o(.text)
    _float_round                             0x08000e1d   Thumb Code    18  fepilogue.o(.text)
    _float_epilogue                          0x08000e2f   Thumb Code    92  fepilogue.o(.text)
    _double_round                            0x08000e8b   Thumb Code    30  depilogue.o(.text)
    _double_epilogue                         0x08000ea9   Thumb Code   156  depilogue.o(.text)
    __aeabi_dmul                             0x08000f45   Thumb Code   228  dmul.o(.text)
    _drem                                    0x08001029   Thumb Code   134  drem.o(.text)
    __aeabi_ul2d                             0x080010af   Thumb Code    24  dfltul.o(.text)
    __aeabi_d2ulz                            0x080010c7   Thumb Code    48  dfixul.o(.text)
    __aeabi_cdrcmple                         0x080010f9   Thumb Code    48  cdrcmple.o(.text)
    __scatterload                            0x08001129   Thumb Code    28  init.o(.text)
    __scatterload_rt2                        0x08001129   Thumb Code     0  init.o(.text)
    isspace                                  0x0800114d   Thumb Code    10  isspace_c.o(.text)
    __vfscanf                                0x08001159   Thumb Code   808  _scanf.o(.text)
    __ctype_lookup                           0x08001485   Thumb Code    34  ctype_c.o(.text)
    SVC_Count                                0x080014ac   Data           4  svc_table.o(SVC_TABLE)
    BME280_Init                              0x080014b1   Thumb Code    82  aqi_thread.o(i.BME280_Init)
    SVC_Table                                0x080014b0   Data           0  svc_table.o(SVC_TABLE)
    BME_read_task                            0x08001511   Thumb Code   260  main.o(i.BME_read_task)
    BusFault_Handler                         0x08001635   Thumb Code     4  stm32l1xx_it.o(i.BusFault_Handler)
    DebugMon_Handler                         0x08001639   Thumb Code     2  stm32l1xx_it.o(i.DebugMon_Handler)
    EXTI0_IRQHandler                         0x0800163b   Thumb Code    10  stm32l1xx_it.o(i.EXTI0_IRQHandler)
    Error_Handler                            0x08001645   Thumb Code     2  main.o(i.Error_Handler)
    GPS_CallBack                             0x08001649   Thumb Code    96  gps.o(i.GPS_CallBack)
    GPS_Process                              0x080016b1   Thumb Code   264  gps.o(i.GPS_Process)
    GPS_read_task                            0x080017d1   Thumb Code   196  main.o(i.GPS_read_task)
    HAL_ADC_ConfigChannel                    0x080018a9   Thumb Code   460  stm32l1xx_hal_adc.o(i.HAL_ADC_ConfigChannel)
    HAL_ADC_Init                             0x08001a81   Thumb Code   450  stm32l1xx_hal_adc.o(i.HAL_ADC_Init)
    HAL_ADC_MspInit                          0x08001c59   Thumb Code   102  stm32l1xx_hal_msp.o(i.HAL_ADC_MspInit)
    HAL_GPIO_DeInit                          0x08001ccd   Thumb Code   260  stm32l1xx_hal_gpio.o(i.HAL_GPIO_DeInit)
    HAL_GPIO_EXTI_Callback                   0x08001ded   Thumb Code    28  main.o(i.HAL_GPIO_EXTI_Callback)
    HAL_GPIO_EXTI_IRQHandler                 0x08001e15   Thumb Code    24  stm32l1xx_hal_gpio.o(i.HAL_GPIO_EXTI_IRQHandler)
    HAL_GPIO_Init                            0x08001e31   Thumb Code   430  stm32l1xx_hal_gpio.o(i.HAL_GPIO_Init)
    HAL_GPIO_WritePin                        0x08002001   Thumb Code    12  stm32l1xx_hal_gpio.o(i.HAL_GPIO_WritePin)
    HAL_GetTick                              0x0800200d   Thumb Code     6  stm32l1xx_hal.o(i.HAL_GetTick)
    HAL_I2C_DeInit                           0x08002019   Thumb Code    60  stm32l1xx_hal_i2c.o(i.HAL_I2C_DeInit)
    HAL_I2C_Init                             0x08002055   Thumb Code   422  stm32l1xx_hal_i2c.o(i.HAL_I2C_Init)
    HAL_I2C_Mem_Read                         0x0800220d   Thumb Code   744  stm32l1xx_hal_i2c.o(i.HAL_I2C_Mem_Read)
    HAL_I2C_Mem_Write                        0x08002501   Thumb Code   348  stm32l1xx_hal_i2c.o(i.HAL_I2C_Mem_Write)
    HAL_I2C_MspDeInit                        0x08002665   Thumb Code    34  stm32l1xx_hal_msp.o(i.HAL_I2C_MspDeInit)
    HAL_I2C_MspInit                          0x08002695   Thumb Code   114  stm32l1xx_hal_msp.o(i.HAL_I2C_MspInit)
    HAL_IncTick                              0x08002715   Thumb Code    16  stm32l1xx_hal.o(i.HAL_IncTick)
    HAL_Init                                 0x0800272d   Thumb Code    30  stm32l1xx_hal.o(i.HAL_Init)
    HAL_InitTick                             0x0800274d   Thumb Code    74  stm32l1xx_hal.o(i.HAL_InitTick)
    HAL_MspInit                              0x080027a5   Thumb Code    88  stm32l1xx_hal_msp.o(i.HAL_MspInit)
    HAL_NVIC_EnableIRQ                       0x08002801   Thumb Code    32  stm32l1xx_hal_cortex.o(i.HAL_NVIC_EnableIRQ)
    HAL_NVIC_SetPriority                     0x08002821   Thumb Code   124  stm32l1xx_hal_cortex.o(i.HAL_NVIC_SetPriority)
    HAL_NVIC_SetPriorityGrouping             0x0800289d   Thumb Code    32  stm32l1xx_hal_cortex.o(i.HAL_NVIC_SetPriorityGrouping)
    HAL_RCC_ClockConfig                      0x080028c5   Thumb Code   522  stm32l1xx_hal_rcc.o(i.HAL_RCC_ClockConfig)
    HAL_RCC_GetHCLKFreq                      0x08002ae5   Thumb Code     6  stm32l1xx_hal_rcc.o(i.HAL_RCC_GetHCLKFreq)
    HAL_RCC_GetPCLK1Freq                     0x08002af1   Thumb Code    22  stm32l1xx_hal_rcc.o(i.HAL_RCC_GetPCLK1Freq)
    HAL_RCC_GetPCLK2Freq                     0x08002b11   Thumb Code    22  stm32l1xx_hal_rcc.o(i.HAL_RCC_GetPCLK2Freq)
    HAL_RCC_GetSysClockFreq                  0x08002b31   Thumb Code   106  stm32l1xx_hal_rcc.o(i.HAL_RCC_GetSysClockFreq)
    HAL_RCC_OscConfig                        0x08002bad   Thumb Code  1480  stm32l1xx_hal_rcc.o(i.HAL_RCC_OscConfig)
    HAL_SYSTICK_Config                       0x0800317d   Thumb Code    52  stm32l1xx_hal_cortex.o(i.HAL_SYSTICK_Config)
    HAL_TIMEx_MasterConfigSynchronization    0x080031b1   Thumb Code    84  stm32l1xx_hal_tim_ex.o(i.HAL_TIMEx_MasterConfigSynchronization)
    HAL_TIM_Base_Init                        0x08003205   Thumb Code    52  stm32l1xx_hal_tim.o(i.HAL_TIM_Base_Init)
    HAL_TIM_Base_MspInit                     0x08003239   Thumb Code    58  stm32l1xx_hal_msp.o(i.HAL_TIM_Base_MspInit)
    HAL_TIM_Base_Start_IT                    0x0800327d   Thumb Code    42  stm32l1xx_hal_tim.o(i.HAL_TIM_Base_Start_IT)
    HAL_TIM_IC_CaptureCallback               0x080032a7   Thumb Code     2  stm32l1xx_hal_tim.o(i.HAL_TIM_IC_CaptureCallback)
    HAL_TIM_IRQHandler                       0x080032a9   Thumb Code   338  stm32l1xx_hal_tim.o(i.HAL_TIM_IRQHandler)
    HAL_TIM_OC_DelayElapsedCallback          0x080033fb   Thumb Code     2  stm32l1xx_hal_tim.o(i.HAL_TIM_OC_DelayElapsedCallback)
    HAL_TIM_PWM_PulseFinishedCallback        0x080033fd   Thumb Code     2  stm32l1xx_hal_tim.o(i.HAL_TIM_PWM_PulseFinishedCallback)
    HAL_TIM_PeriodElapsedCallback            0x08003401   Thumb Code    50  main.o(i.HAL_TIM_PeriodElapsedCallback)
    HAL_TIM_TriggerCallback                  0x0800343d   Thumb Code     2  stm32l1xx_hal_tim.o(i.HAL_TIM_TriggerCallback)
    HAL_UART_Init                            0x0800343f   Thumb Code   114  stm32l1xx_hal_uart.o(i.HAL_UART_Init)
    HAL_UART_MspInit                         0x080034b1   Thumb Code   318  stm32l1xx_hal_msp.o(i.HAL_UART_MspInit)
    HAL_UART_Receive                         0x08003609   Thumb Code   222  stm32l1xx_hal_uart.o(i.HAL_UART_Receive)
    HAL_UART_Transmit                        0x080036e7   Thumb Code   214  stm32l1xx_hal_uart.o(i.HAL_UART_Transmit)
    HardFault_Handler                        0x080037bd   Thumb Code     4  stm32l1xx_it.o(i.HardFault_Handler)
    MemManage_Handler                        0x08003f81   Thumb Code     4  stm32l1xx_it.o(i.MemManage_Handler)
    NBIOT_send_task                          0x08003f85   Thumb Code   182  main.o(i.NBIOT_send_task)
    NMI_Handler                              0x08004051   Thumb Code     2  stm32l1xx_it.o(i.NMI_Handler)
    OLED_disp_task                           0x08004055   Thumb Code   186  main.o(i.OLED_disp_task)
    PMS7003_read_task                        0x08004125   Thumb Code   264  main.o(i.PMS7003_read_task)
    PMS_Init                                 0x0800424d   Thumb Code    24  aqi_thread.o(i.PMS_Init)
    SystemClock_Config                       0x08004311   Thumb Code    98  main.o(i.SystemClock_Config)
    SystemInit                               0x08004379   Thumb Code    82  system_stm32l1xx.o(i.SystemInit)
    TIM6_IRQHandler                          0x080043dd   Thumb Code    10  stm32l1xx_it.o(i.TIM6_IRQHandler)
    UsageFault_Handler                       0x080047e1   Thumb Code     4  stm32l1xx_it.o(i.UsageFault_Handler)
    __0snprintf                              0x080047e5   Thumb Code    44  printfa.o(i.__0snprintf)
    __1snprintf                              0x080047e5   Thumb Code     0  printfa.o(i.__0snprintf)
    __2snprintf                              0x080047e5   Thumb Code     0  printfa.o(i.__0snprintf)
    __c89snprintf                            0x080047e5   Thumb Code     0  printfa.o(i.__0snprintf)
    snprintf                                 0x080047e5   Thumb Code     0  printfa.o(i.__0snprintf)
    __0sprintf                               0x08004815   Thumb Code    34  printfa.o(i.__0sprintf)
    __1sprintf                               0x08004815   Thumb Code     0  printfa.o(i.__0sprintf)
    __2sprintf                               0x08004815   Thumb Code     0  printfa.o(i.__0sprintf)
    __c89sprintf                             0x08004815   Thumb Code     0  printfa.o(i.__0sprintf)
    sprintf                                  0x08004815   Thumb Code     0  printfa.o(i.__0sprintf)
    __mathlib_dbl_invalid                    0x08004875   Thumb Code    12  dunder.o(i.__mathlib_dbl_invalid)
    __scatterload_copy                       0x08004881   Thumb Code    14  handlers.o(i.__scatterload_copy)
    __scatterload_null                       0x0800488f   Thumb Code     2  handlers.o(i.__scatterload_null)
    __scatterload_zeroinit                   0x08004891   Thumb Code    14  handlers.o(i.__scatterload_zeroinit)
    __set_errno                              0x080048a1   Thumb Code     6  errno.o(i.__set_errno)
    _init_box                                0x08004a31   Thumb Code    70  rt_membox.o(i._init_box)
    _is_digit                                0x08004a77   Thumb Code    14  scanf_fp.o(i._is_digit)
    bmp280_init                              0x080051d3   Thumb Code   292  bmp280.o(i.bmp280_init)
    bmp280_init_default_params               0x080052f7   Thumb Code    20  bmp280.o(i.bmp280_init_default_params)
    bmp280_read_fixed                        0x0800530b   Thumb Code   200  bmp280.o(i.bmp280_read_fixed)
    bmp280_read_float                        0x080053d5   Thumb Code    98  bmp280.o(i.bmp280_read_float)
    convertDegMinToDecDeg                    0x08005659   Thumb Code    94  gps.o(i.convertDegMinToDecDeg)
    dbg_init                                 0x080056c5   Thumb Code    34  hal_cm.o(i.dbg_init)
    dbg_task_notify                          0x080056f5   Thumb Code    32  hal_cm.o(i.dbg_task_notify)
    dbg_task_switch                          0x08005715   Thumb Code    16  hal_cm.o(i.dbg_task_switch)
    fmod                                     0x08005725   Thumb Code   144  fmod.o(i.fmod)
    isrMessageGet                            0x080057b9   Thumb Code    42  rt_cmsis.o(i.isrMessageGet)
    isrMessagePut                            0x080057e3   Thumb Code    44  rt_cmsis.o(i.isrMessagePut)
    isrSemaphoreRelease                      0x0800580f   Thumb Code    40  rt_cmsis.o(i.isrSemaphoreRelease)
    isr_mbx_receive                          0x08005839   Thumb Code    86  rt_mailbox.o(i.isr_mbx_receive)
    isr_mbx_send                             0x0800588f   Thumb Code    14  rt_mailbox.o(i.isr_mbx_send)
    isr_sem_send                             0x0800589d   Thumb Code    16  rt_semaphore.o(i.isr_sem_send)
    main                                     0x080058ad   Thumb Code   208  main.o(i.main)
    mux_enable                               0x080059e1   Thumb Code    16  aqi_thread.o(i.mux_enable)
    mux_sel                                  0x080059f5   Thumb Code   346  aqi_thread.o(i.mux_sel)
    oled_disp                                0x08005b55   Thumb Code   284  aqi_thread.o(i.oled_disp)
    osDelay                                  0x08005cd9   Thumb Code    18  rt_cmsis.o(i.osDelay)
    osKernelInitialize                       0x08005cf1   Thumb Code    30  rt_cmsis.o(i.osKernelInitialize)
    osKernelStart                            0x08005d15   Thumb Code    98  rt_cmsis.o(i.osKernelStart)
    osMessageGet                             0x08005d81   Thumb Code    18  rt_cmsis.o(i.osMessageGet)
    osPoolAlloc                              0x08005d99   Thumb Code    26  rt_cmsis.o(i.osPoolAlloc)
    osPoolCreate                             0x08005db9   Thumb Code    36  rt_cmsis.o(i.osPoolCreate)
    osSemaphoreCreate                        0x08005de5   Thumb Code    36  rt_cmsis.o(i.osSemaphoreCreate)
    osSemaphoreRelease                       0x08005e11   Thumb Code    18  rt_cmsis.o(i.osSemaphoreRelease)
    osSemaphoreWait                          0x08005e29   Thumb Code    20  rt_cmsis.o(i.osSemaphoreWait)
    osThreadCreate                           0x08005e41   Thumb Code    36  rt_cmsis.o(i.osThreadCreate)
    osThreadExit                             0x08005e6d   Thumb Code    14  rt_cmsis.o(i.osThreadExit)
    osTimerCall                              0x08005e85   Thumb Code     8  rt_cmsis.o(i.osTimerCall)
    osTimerThread                            0x08005e91   Thumb Code    38  rt_cmsis.o(i.osTimerThread)
    os_error                                 0x08005ebd   Thumb Code    34  rtx_conf_cm.o(i.os_error)
    os_idle_demon                            0x08005edf   Thumb Code     4  rtx_conf_cm.o(i.os_idle_demon)
    os_tick_init                             0x08005ee5   Thumb Code    32  rt_system.o(i.os_tick_init)
    os_tick_irqack                           0x08005f0d   Thumb Code     2  rt_system.o(i.os_tick_irqack)
    readBME280                               0x08005f11   Thumb Code    68  aqi_thread.o(i.readBME280)
    readPMS                                  0x08005f61   Thumb Code   294  aqi_thread.o(i.readPMS)
    rt_alloc_box                             0x0800625f   Thumb Code    26  rt_membox.o(i.rt_alloc_box)
    rt_alloc_mem                             0x08006279   Thumb Code    62  rt_memory.o(i.rt_alloc_mem)
    rt_block                                 0x080062b9   Thumb Code    48  rt_task.o(i.rt_block)
    rt_chk_robin                             0x080062f1   Thumb Code    60  rt_robin.o(i.rt_chk_robin)
    rt_dec_dly                               0x08006339   Thumb Code   102  rt_list.o(i.rt_dec_dly)
    rt_dispatch                              0x080063a9   Thumb Code    60  rt_task.o(i.rt_dispatch)
    rt_dly_wait                              0x080063ed   Thumb Code     6  rt_time.o(i.rt_dly_wait)
    rt_evt_psh                               0x080063f5   Thumb Code    76  rt_event.o(i.rt_evt_psh)
    rt_free_box                              0x08006445   Thumb Code    44  rt_membox.o(i.rt_free_box)
    rt_free_mem                              0x08006471   Thumb Code    40  rt_memory.o(i.rt_free_mem)
    rt_get_first                             0x08006499   Thumb Code    40  rt_list.o(i.rt_get_first)
    rt_init_mem                              0x08006511   Thumb Code    26  rt_memory.o(i.rt_init_mem)
    rt_init_robin                            0x0800652d   Thumb Code    14  rt_robin.o(i.rt_init_robin)
    rt_init_stack                            0x08006545   Thumb Code   118  hal_cm.o(i.rt_init_stack)
    rt_mbx_check                             0x080065c5   Thumb Code     8  rt_mailbox.o(i.rt_mbx_check)
    rt_mbx_init                              0x080065cd   Thumb Code    26  rt_mailbox.o(i.rt_mbx_init)
    rt_mbx_psh                               0x080065e9   Thumb Code   236  rt_mailbox.o(i.rt_mbx_psh)
    rt_mbx_wait                              0x080066d9   Thumb Code   174  rt_mailbox.o(i.rt_mbx_wait)
    rt_pop_req                               0x080067d1   Thumb Code   112  rt_system.o(i.rt_pop_req)
    rt_psh_req                               0x0800684d   Thumb Code    22  rt_system.o(i.rt_psh_req)
    rt_psq_enq                               0x0800686d   Thumb Code    88  rt_list.o(i.rt_psq_enq)
    rt_put_dly                               0x080068c9   Thumb Code    68  rt_list.o(i.rt_put_dly)
    rt_put_prio                              0x08006911   Thumb Code    54  rt_list.o(i.rt_put_prio)
    rt_put_rdy_first                         0x08006949   Thumb Code    14  rt_list.o(i.rt_put_rdy_first)
    rt_resort_prio                           0x0800695d   Thumb Code    46  rt_list.o(i.rt_resort_prio)
    rt_ret_val                               0x08006991   Thumb Code     6  hal_cm.o(i.rt_ret_val)
    rt_ret_val2                              0x08006997   Thumb Code     8  hal_cm.o(i.rt_ret_val2)
    rt_rmv_dly                               0x0800699f   Thumb Code    40  rt_list.o(i.rt_rmv_dly)
    rt_rmv_list                              0x080069c9   Thumb Code    44  rt_list.o(i.rt_rmv_list)
    rt_sem_init                              0x080069f9   Thumb Code    12  rt_semaphore.o(i.rt_sem_init)
    rt_sem_psh                               0x08006a05   Thumb Code    48  rt_semaphore.o(i.rt_sem_psh)
    rt_sem_send                              0x08006a39   Thumb Code    42  rt_semaphore.o(i.rt_sem_send)
    rt_sem_wait                              0x08006a65   Thumb Code    58  rt_semaphore.o(i.rt_sem_wait)
    rt_stk_check                             0x08006aa5   Thumb Code    28  rt_system.o(i.rt_stk_check)
    rt_switch_req                            0x08006ac9   Thumb Code    30  rt_task.o(i.rt_switch_req)
    rt_sys_init                              0x08006af1   Thumb Code   138  rt_task.o(i.rt_sys_init)
    rt_sys_start                             0x08006bbd   Thumb Code   110  rt_task.o(i.rt_sys_start)
    rt_systick                               0x08006c35   Thumb Code    50  rt_system.o(i.rt_systick)
    rt_tsk_create                            0x08006cbd   Thumb Code   118  rt_task.o(i.rt_tsk_create)
    rt_tsk_delete                            0x08006d45   Thumb Code   352  rt_task.o(i.rt_tsk_delete)
    rt_tsk_prio                              0x08006ec1   Thumb Code   108  rt_task.o(i.rt_tsk_prio)
    rt_tsk_self                              0x08006f3d   Thumb Code    12  rt_task.o(i.rt_tsk_self)
    sendData_NBIOT                           0x08006f4d   Thumb Code   748  aqi_thread.o(i.sendData_NBIOT)
    ssd1306_DrawPixel                        0x080072a5   Thumb Code   152  ssd1306.o(i.ssd1306_DrawPixel)
    ssd1306_Fill                             0x08007345   Thumb Code    28  ssd1306.o(i.ssd1306_Fill)
    ssd1306_Init                             0x08007365   Thumb Code   204  ssd1306.o(i.ssd1306_Init)
    ssd1306_Reset                            0x08007435   Thumb Code     2  ssd1306.o(i.ssd1306_Reset)
    ssd1306_SetCursor                        0x08007439   Thumb Code     8  ssd1306.o(i.ssd1306_SetCursor)
    ssd1306_UpdateScreen                     0x08007445   Thumb Code    52  ssd1306.o(i.ssd1306_UpdateScreen)
    ssd1306_WriteChar                        0x0800747d   Thumb Code   184  ssd1306.o(i.ssd1306_WriteChar)
    ssd1306_WriteCommand                     0x08007539   Thumb Code    34  ssd1306.o(i.ssd1306_WriteCommand)
    ssd1306_WriteData                        0x08007561   Thumb Code    32  ssd1306.o(i.ssd1306_WriteData)
    ssd1306_WriteString                      0x08007585   Thumb Code    44  ssd1306.o(i.ssd1306_WriteString)
    svcDelay                                 0x080075b1   Thumb Code    18  rt_cmsis.o(i.svcDelay)
    svcKernelInitialize                      0x080075c5   Thumb Code    80  rt_cmsis.o(i.svcKernelInitialize)
    svcKernelStart                           0x08007635   Thumb Code    62  rt_cmsis.o(i.svcKernelStart)
    svcMessageCreate                         0x0800767d   Thumb Code    36  rt_cmsis.o(i.svcMessageCreate)
    svcMessageGet                            0x080076a1   Thumb Code    58  rt_cmsis.o(i.svcMessageGet)
    svcPoolCreate                            0x080076db   Thumb Code    40  rt_cmsis.o(i.svcPoolCreate)
    svcSemaphoreCreate                       0x08007703   Thumb Code    36  rt_cmsis.o(i.svcSemaphoreCreate)
    svcSemaphoreRelease                      0x08007727   Thumb Code    40  rt_cmsis.o(i.svcSemaphoreRelease)
    svcSemaphoreWait                         0x0800774f   Thumb Code    50  rt_cmsis.o(i.svcSemaphoreWait)
    svcThreadCreate                          0x08007781   Thumb Code    96  rt_cmsis.o(i.svcThreadCreate)
    svcThreadGetId                           0x080077ed   Thumb Code    22  rt_cmsis.o(i.svcThreadGetId)
    svcThreadTerminate                       0x08007809   Thumb Code    50  rt_cmsis.o(i.svcThreadTerminate)
    svcTimerCall                             0x08007841   Thumb Code    24  rt_cmsis.o(i.svcTimerCall)
    sysPoolAlloc                             0x08007859   Thumb Code    10  rt_cmsis.o(i.sysPoolAlloc)
    sysTimerTick                             0x08007865   Thumb Code    84  rt_cmsis.o(i.sysTimerTick)
    os_pool_def_message                      0x080078f8   Data          12  main.o(.constdata)
    os_semaphore_def_Turnstile               0x08007904   Data           4  main.o(.constdata)
    os_semaphore_def_Turnstile2              0x08007908   Data           4  main.o(.constdata)
    os_semaphore_def_Mutex                   0x0800790c   Data           4  main.o(.constdata)
    os_semaphore_def_Mutex_read              0x08007910   Data           4  main.o(.constdata)
    os_semaphore_def_Mutex_send              0x08007914   Data           4  main.o(.constdata)
    os_thread_def_BME_read_task              0x08007918   Data          16  main.o(.constdata)
    os_thread_def_GPS_read_task              0x08007928   Data          16  main.o(.constdata)
    os_thread_def_PMS7003_read_task          0x08007938   Data          16  main.o(.constdata)
    os_thread_def_NBIOT_send_task            0x08007948   Data          16  main.o(.constdata)
    os_thread_def_OLED_disp_task             0x08007958   Data          16  main.o(.constdata)
    PLLMulTable                              0x08007968   Data           9  system_stm32l1xx.o(.constdata)
    AHBPrescTable                            0x08007971   Data          16  system_stm32l1xx.o(.constdata)
    APBPrescTable                            0x08007981   Data           8  system_stm32l1xx.o(.constdata)
    os_maxtaskrun                            0x0800a790   Data           2  rtx_conf_cm.o(.constdata)
    os_stackinfo                             0x0800a794   Data           4  rtx_conf_cm.o(.constdata)
    os_rrobin                                0x0800a798   Data           4  rtx_conf_cm.o(.constdata)
    os_tickfreq                              0x0800a79c   Data           4  rtx_conf_cm.o(.constdata)
    os_tickus_i                              0x0800a7a0   Data           2  rtx_conf_cm.o(.constdata)
    os_tickus_f                              0x0800a7a2   Data           2  rtx_conf_cm.o(.constdata)
    os_trv                                   0x0800a7a4   Data           4  rtx_conf_cm.o(.constdata)
    os_flags                                 0x0800a7a8   Data           1  rtx_conf_cm.o(.constdata)
    CMSIS_RTOS_API_Version                   0x0800a7ac   Data           4  rtx_conf_cm.o(.constdata)
    CMSIS_RTOS_RTX_Version                   0x0800a7b0   Data           4  rtx_conf_cm.o(.constdata)
    os_clockrate                             0x0800a7b4   Data           4  rtx_conf_cm.o(.constdata)
    os_timernum                              0x0800a7b8   Data           4  rtx_conf_cm.o(.constdata)
    mp_tcb_size                              0x0800a7bc   Data           2  rtx_conf_cm.o(.constdata)
    mp_stk_size                              0x0800a7c0   Data           4  rtx_conf_cm.o(.constdata)
    os_stack_sz                              0x0800a7c4   Data           4  rtx_conf_cm.o(.constdata)
    os_fifo_size                             0x0800a7c8   Data           1  rtx_conf_cm.o(.constdata)
    os_thread_def_osTimerThread              0x0800a7cc   Data          16  rtx_conf_cm.o(.constdata)
    os_messageQ_def_osTimerMessageQ          0x0800a7dc   Data           8  rtx_conf_cm.o(.constdata)
    mp_tmr_size                              0x0800a7e4   Data           2  rtx_conf_cm.o(.constdata)
    os_thread_def_main                       0x0800a7e8   Data          16  rtx_conf_cm.o(.constdata)
    __ctype_categories                       0x0800a7f8   Data          64  ctype_c.o(.constdata)
    Region$$Table$$Base                      0x0800a8cc   Number         0  anon$$obj.o(Region$$Table)
    Region$$Table$$Limit                     0x0800a8ec   Number         0  anon$$obj.o(Region$$Table)
    message_id                               0x20000000   Data           4  main.o(.data)
    message_pointer                          0x20000004   Data           4  main.o(.data)
    GPS_id                                   0x20000008   Data           4  main.o(.data)
    PMS_id                                   0x2000000c   Data           4  main.o(.data)
    BME_id                                   0x20000010   Data           4  main.o(.data)
    OLED_id                                  0x20000014   Data           4  main.o(.data)
    ESP_id                                   0x20000018   Data           4  main.o(.data)
    NBIOT_id                                 0x2000001c   Data           4  main.o(.data)
    Turnstile                                0x20000020   Data           4  main.o(.data)
    os_semaphore_cb_Turnstile                0x20000024   Data           8  main.o(.data)
    Turnstile2                               0x2000002c   Data           4  main.o(.data)
    os_semaphore_cb_Turnstile2               0x20000030   Data           8  main.o(.data)
    Mutex                                    0x20000038   Data           4  main.o(.data)
    os_semaphore_cb_Mutex                    0x2000003c   Data           8  main.o(.data)
    count                                    0x20000044   Data           4  main.o(.data)
    test                                     0x20000048   Data           4  main.o(.data)
    Mutex_read                               0x2000004c   Data           4  main.o(.data)
    os_semaphore_cb_Mutex_read               0x20000050   Data           8  main.o(.data)
    Mutex_send                               0x20000058   Data           4  main.o(.data)
    os_semaphore_cb_Mutex_send               0x2000005c   Data           8  main.o(.data)
    SystemCoreClock                          0x20000064   Data           4  system_stm32l1xx.o(.data)
    Font_6x8                                 0x20000070   Data           8  ssd1306_fonts.o(.data)
    Font_7x10                                0x20000078   Data           8  ssd1306_fonts.o(.data)
    Font_11x18                               0x20000080   Data           8  ssd1306_fonts.o(.data)
    Font_16x26                               0x20000088   Data           8  ssd1306_fonts.o(.data)
    uwTick                                   0x20000090   Data           4  stm32l1xx_hal.o(.data)
    uwTickPrio                               0x20000094   Data           4  stm32l1xx_hal.o(.data)
    uwTickFreq                               0x20000098   Data           4  stm32l1xx_hal.o(.data)
    sys_cnt                                  0x2000009c   Data           4  aqi_thread.o(.data)
    pms_rx_data_firstbyte                    0x200000a0   Data           1  aqi_thread.o(.data)
    pms_rx_data_tmp                          0x200000a1   Data           1  aqi_thread.o(.data)
    pms_rx_index                             0x200000a2   Data           1  aqi_thread.o(.data)
    cs_cal                                   0x200000a4   Data           2  aqi_thread.o(.data)
    cs_read                                  0x200000a6   Data           2  aqi_thread.o(.data)
    cnt                                      0x200000a8   Data           2  aqi_thread.o(.data)
    pms_data_valid                           0x200000aa   Data           1  aqi_thread.o(.data)
    send_cnt                                 0x200000ab   Data           1  aqi_thread.o(.data)
    gps_data_valid                           0x200000ac   Data           1  aqi_thread.o(.data)
    bme280p                                  0x200000ad   Data           1  aqi_thread.o(.data)
    pressure                                 0x200000b0   Data           4  aqi_thread.o(.data)
    temperature                              0x200000b4   Data           4  aqi_thread.o(.data)
    humidity                                 0x200000b8   Data           4  aqi_thread.o(.data)
    altitude                                 0x200000bc   Data           4  aqi_thread.o(.data)
    oled_cnt_test                            0x200000c0   Data           1  aqi_thread.o(.data)
    led_on                                   0x200000c1   Data           1  aqi_thread.o(.data)
    led_off                                  0x200000c2   Data           1  aqi_thread.o(.data)
    oled_init                                0x200000c3   Data           1  aqi_thread.o(.data)
    oled_cnt                                 0x200000c4   Data           4  aqi_thread.o(.data)
    pms_pm1_0_validdata                      0x200000c8   Data           2  aqi_thread.o(.data)
    pms_pm2_5_validdata                      0x200000ca   Data           2  aqi_thread.o(.data)
    pms_pm10_0_validdata                     0x200000cc   Data           2  aqi_thread.o(.data)
    data_len                                 0x200000ce   Data           1  aqi_thread.o(.data)
    CMD1                                     0x200000cf   Data          21  aqi_thread.o(.data)
    osThreadId_osTimerThread                 0x200000e4   Data           4  rtx_conf_cm.o(.data)
    osMessageQId_osTimerMessageQ             0x200000e8   Data           4  rtx_conf_cm.o(.data)
    os_tmr                                   0x200000ec   Data           4  rtx_conf_cm.o(.data)
    m_tmr                                    0x200000f0   Data           4  rtx_conf_cm.o(.data)
    os_initialized                           0x200000f4   Data           1  rt_cmsis.o(.data)
    os_running                               0x200000f5   Data           1  rt_cmsis.o(.data)
    os_timer_head                            0x200000f8   Data           4  rt_cmsis.o(.data)
    os_tsk                                   0x200000fc   Data           8  rt_task.o(.data)
    os_tick_irqn                             0x20000108   Data           4  rt_system.o(.data)
    os_time                                  0x2000010c   Data           4  rt_time.o(.data)
    dbg_msg                                  0x20000110   Data           1  hal_cm.o(.data)
    os_robin                                 0x20000114   Data           8  rt_robin.o(.data)
    os_pool_m_message                        0x20000120   Data          44  main.o(.bss)
    hadc                                     0x2000014c   Data          84  main.o(.bss)
    GPS                                      0x200001a0   Data         592  gps.o(.bss)
    hi2c1                                    0x200007f0   Data          84  aqi_thread.o(.bss)
    htim6                                    0x20000844   Data          60  aqi_thread.o(.bss)
    huart1                                   0x20000880   Data          64  aqi_thread.o(.bss)
    huart2                                   0x200008c0   Data          64  aqi_thread.o(.bss)
    huart3                                   0x20000900   Data          64  aqi_thread.o(.bss)
    pms_rx_data                              0x20000940   Data          32  aqi_thread.o(.bss)
    bmp280                                   0x20000960   Data          52  aqi_thread.o(.bss)
    Data                                     0x20000994   Data         256  aqi_thread.o(.bss)
    sendingData                              0x20000a94   Data         100  aqi_thread.o(.bss)
    mp_tcb                                   0x20000af8   Data         376  rtx_conf_cm.o(.bss)
    mp_stk                                   0x20000c70   Data        4816  rtx_conf_cm.o(.bss)
    os_stack_mem                             0x20001f40   Data         432  rtx_conf_cm.o(.bss)
    os_fifo                                  0x200020f0   Data         132  rtx_conf_cm.o(.bss)
    os_active_TCB                            0x20002174   Data          28  rtx_conf_cm.o(.bss)
    os_messageQ_q_osTimerMessageQ            0x20002190   Data          32  rtx_conf_cm.o(.bss)
    os_idle_TCB                              0x200021b0   Data          52  rt_task.o(.bss)
    os_rdy                                   0x200021e4   Data          24  rt_list.o(.bss)
    os_dly                                   0x200021fc   Data          24  rt_list.o(.bss)
    __initial_sp                             0x20002618   Data           0  startup_stm32l152xb.o(STACK)



==============================================================================

Memory Map of the image

  Image Entry point : 0x080000f5

  Load Region LR_IROM1 (Base: 0x08000000, Size: 0x0000aa0c, Max: 0x00010000, ABSOLUTE)

    Execution Region ER_IROM1 (Exec base: 0x08000000, Load base: 0x08000000, Size: 0x0000a8ec, Max: 0x00010000, ABSOLUTE)

    Exec Addr    Load Addr    Size         Type   Attr      Idx    E Section Name        Object

    0x08000000   0x08000000   0x000000f4   Data   RO            3    RESET               startup_stm32l152xb.o
    0x080000f4   0x080000f4   0x00000000   Code   RO         4985  * .ARM.Collect$$$$00000000  mc_w.l(entry.o)
    0x080000f4   0x080000f4   0x00000004   Code   RO         5313    .ARM.Collect$$$$00000001  mc_w.l(entry2.o)
    0x080000f8   0x080000f8   0x00000004   Code   RO         5316    .ARM.Collect$$$$00000004  mc_w.l(entry5.o)
    0x080000fc   0x080000fc   0x00000000   Code   RO         5318    .ARM.Collect$$$$00000008  mc_w.l(entry7b.o)
    0x080000fc   0x080000fc   0x00000000   Code   RO         5320    .ARM.Collect$$$$0000000A  mc_w.l(entry8b.o)
    0x080000fc   0x080000fc   0x00000000   Code   RO         5321    .ARM.Collect$$$$0000000D  mc_w.l(entry10a.o)
    0x080000fc   0x080000fc   0x00000000   Code   RO         5323    .ARM.Collect$$$$0000000F  mc_w.l(entry11a.o)
    0x080000fc   0x080000fc   0x00000018   Code   RO         3731    .ARM.Collect$$$$000000FF  rtx_conf_cm.o
    0x08000114   0x08000114   0x00000004   Code   RO         5314    .ARM.Collect$$$$00002712  mc_w.l(entry2.o)
    0x08000118   0x08000118   0x00000130   Code   RO         4964    .emb_text           RTX_CM3.lib(hal_cm3.o)
    0x08000248   0x08000248   0x00000024   Code   RO            4    .text               startup_stm32l152xb.o
    0x0800026c   0x0800026c   0x00000062   Code   RO         4988    .text               mc_w.l(uldiv.o)
    0x080002ce   0x080002ce   0x00000062   Code   RO         4990    .text               mc_w.l(ldiv.o)
    0x08000330   0x08000330   0x00000040   Code   RO         4994    .text               mc_w.l(memmovea.o)
    0x08000370   0x08000370   0x00000024   Code   RO         4996    .text               mc_w.l(memseta.o)
    0x08000394   0x08000394   0x00000024   Code   RO         4998    .text               mc_w.l(strstr.o)
    0x080003b8   0x080003b8   0x0000000e   Code   RO         5000    .text               mc_w.l(strlen.o)
    0x080003c6   0x080003c6   0x00000002   PAD
    0x080003c8   0x080003c8   0x00000038   Code   RO         5267    .text               mc_w.l(__0sscanf.o)
    0x08000400   0x08000400   0x0000014c   Code   RO         5269    .text               mc_w.l(_scanf_int.o)
    0x0800054c   0x0800054c   0x000000e0   Code   RO         5271    .text               mc_w.l(_scanf_str.o)
    0x0800062c   0x0800062c   0x00000360   Code   RO         5273    .text               mc_w.l(scanf_fp.o)
    0x0800098c   0x0800098c   0x0000007c   Code   RO         5277    .text               mf_w.l(fdiv.o)
    0x08000a08   0x08000a08   0x0000014e   Code   RO         5279    .text               mf_w.l(dadd.o)
    0x08000b56   0x08000b56   0x000000de   Code   RO         5281    .text               mf_w.l(ddiv.o)
    0x08000c34   0x08000c34   0x00000012   Code   RO         5283    .text               mf_w.l(fflti.o)
    0x08000c46   0x08000c46   0x0000000a   Code   RO         5285    .text               mf_w.l(ffltui.o)
    0x08000c50   0x08000c50   0x00000032   Code   RO         5289    .text               mf_w.l(ffixi.o)
    0x08000c82   0x08000c82   0x00000028   Code   RO         5291    .text               mf_w.l(ffixui.o)
    0x08000caa   0x08000caa   0x00000026   Code   RO         5295    .text               mf_w.l(f2d.o)
    0x08000cd0   0x08000cd0   0x00000038   Code   RO         5297    .text               mf_w.l(d2f.o)
    0x08000d08   0x08000d08   0x0000002c   Code   RO         5328    .text               mc_w.l(uidiv.o)
    0x08000d34   0x08000d34   0x0000001e   Code   RO         5330    .text               mc_w.l(llshl.o)
    0x08000d52   0x08000d52   0x00000020   Code   RO         5332    .text               mc_w.l(llushr.o)
    0x08000d72   0x08000d72   0x00000024   Code   RO         5334    .text               mc_w.l(llsshr.o)
    0x08000d96   0x08000d96   0x0000001c   Code   RO         5343    .text               mc_w.l(_chval.o)
    0x08000db2   0x08000db2   0x00000002   PAD
    0x08000db4   0x08000db4   0x00000028   Code   RO         5345    .text               mc_w.l(scanf_char.o)
    0x08000ddc   0x08000ddc   0x00000040   Code   RO         5347    .text               mc_w.l(_sgetc.o)
    0x08000e1c   0x08000e1c   0x00000000   Code   RO         5349    .text               mc_w.l(iusefp.o)
    0x08000e1c   0x08000e1c   0x0000006e   Code   RO         5350    .text               mf_w.l(fepilogue.o)
    0x08000e8a   0x08000e8a   0x000000ba   Code   RO         5352    .text               mf_w.l(depilogue.o)
    0x08000f44   0x08000f44   0x000000e4   Code   RO         5354    .text               mf_w.l(dmul.o)
    0x08001028   0x08001028   0x00000086   Code   RO         5356    .text               mf_w.l(drem.o)
    0x080010ae   0x080010ae   0x00000018   Code   RO         5358    .text               mf_w.l(dfltul.o)
    0x080010c6   0x080010c6   0x00000030   Code   RO         5360    .text               mf_w.l(dfixul.o)
    0x080010f6   0x080010f6   0x00000002   PAD
    0x080010f8   0x080010f8   0x00000030   Code   RO         5362    .text               mf_w.l(cdrcmple.o)
    0x08001128   0x08001128   0x00000024   Code   RO         5364    .text               mc_w.l(init.o)
    0x0800114c   0x0800114c   0x0000000a   Code   RO         5367    .text               mc_w.l(isspace_c.o)
    0x08001156   0x08001156   0x00000002   PAD
    0x08001158   0x08001158   0x0000032c   Code   RO         5369    .text               mc_w.l(_scanf.o)
    0x08001484   0x08001484   0x00000028   Code   RO         5374    .text               mc_w.l(ctype_c.o)
    0x080014ac   0x080014ac   0x00000004   Code   RO         4974    SVC_TABLE           RTX_CM3.lib(svc_table.o)
    0x080014b0   0x080014b0   0x00000060   Code   RO         3623    i.BME280_Init       aqi_thread.o
    0x08001510   0x08001510   0x00000124   Code   RO           13    i.BME_read_task     main.o
    0x08001634   0x08001634   0x00000004   Code   RO          274    i.BusFault_Handler  stm32l1xx_it.o
    0x08001638   0x08001638   0x00000002   Code   RO          275    i.DebugMon_Handler  stm32l1xx_it.o
    0x0800163a   0x0800163a   0x0000000a   Code   RO          276    i.EXTI0_IRQHandler  stm32l1xx_it.o
    0x08001644   0x08001644   0x00000002   Code   RO           14    i.Error_Handler     main.o
    0x08001646   0x08001646   0x00000002   PAD
    0x08001648   0x08001648   0x00000068   Code   RO          545    i.GPS_CallBack      gps.o
    0x080016b0   0x080016b0   0x00000120   Code   RO          547    i.GPS_Process       gps.o
    0x080017d0   0x080017d0   0x000000d8   Code   RO           15    i.GPS_read_task     main.o
    0x080018a8   0x080018a8   0x000001d8   Code   RO          761    i.HAL_ADC_ConfigChannel  stm32l1xx_hal_adc.o
    0x08001a80   0x08001a80   0x000001d8   Code   RO          770    i.HAL_ADC_Init      stm32l1xx_hal_adc.o
    0x08001c58   0x08001c58   0x00000074   Code   RO          345    i.HAL_ADC_MspInit   stm32l1xx_hal_msp.o
    0x08001ccc   0x08001ccc   0x00000120   Code   RO         1636    i.HAL_GPIO_DeInit   stm32l1xx_hal_gpio.o
    0x08001dec   0x08001dec   0x00000028   Code   RO           16    i.HAL_GPIO_EXTI_Callback  main.o
    0x08001e14   0x08001e14   0x0000001c   Code   RO         1638    i.HAL_GPIO_EXTI_IRQHandler  stm32l1xx_hal_gpio.o
    0x08001e30   0x08001e30   0x000001d0   Code   RO         1639    i.HAL_GPIO_Init     stm32l1xx_hal_gpio.o
    0x08002000   0x08002000   0x0000000c   Code   RO         1643    i.HAL_GPIO_WritePin  stm32l1xx_hal_gpio.o
    0x0800200c   0x0800200c   0x0000000c   Code   RO         1009    i.HAL_GetTick       stm32l1xx_hal.o
    0x08002018   0x08002018   0x0000003c   Code   RO         2119    i.HAL_I2C_DeInit    stm32l1xx_hal_i2c.o
    0x08002054   0x08002054   0x000001b8   Code   RO         2128    i.HAL_I2C_Init      stm32l1xx_hal_i2c.o
    0x0800220c   0x0800220c   0x000002f4   Code   RO         2146    i.HAL_I2C_Mem_Read  stm32l1xx_hal_i2c.o
    0x08002500   0x08002500   0x00000164   Code   RO         2149    i.HAL_I2C_Mem_Write  stm32l1xx_hal_i2c.o
    0x08002664   0x08002664   0x00000030   Code   RO          346    i.HAL_I2C_MspDeInit  stm32l1xx_hal_msp.o
    0x08002694   0x08002694   0x00000080   Code   RO          347    i.HAL_I2C_MspInit   stm32l1xx_hal_msp.o
    0x08002714   0x08002714   0x00000018   Code   RO         1015    i.HAL_IncTick       stm32l1xx_hal.o
    0x0800272c   0x0800272c   0x0000001e   Code   RO         1016    i.HAL_Init          stm32l1xx_hal.o
    0x0800274a   0x0800274a   0x00000002   PAD
    0x0800274c   0x0800274c   0x00000058   Code   RO         1017    i.HAL_InitTick      stm32l1xx_hal.o
    0x080027a4   0x080027a4   0x0000005c   Code   RO          348    i.HAL_MspInit       stm32l1xx_hal_msp.o
    0x08002800   0x08002800   0x00000020   Code   RO         1982    i.HAL_NVIC_EnableIRQ  stm32l1xx_hal_cortex.o
    0x08002820   0x08002820   0x0000007c   Code   RO         1988    i.HAL_NVIC_SetPriority  stm32l1xx_hal_cortex.o
    0x0800289c   0x0800289c   0x00000028   Code   RO         1989    i.HAL_NVIC_SetPriorityGrouping  stm32l1xx_hal_cortex.o
    0x080028c4   0x080028c4   0x00000220   Code   RO         1173    i.HAL_RCC_ClockConfig  stm32l1xx_hal_rcc.o
    0x08002ae4   0x08002ae4   0x0000000c   Code   RO         1178    i.HAL_RCC_GetHCLKFreq  stm32l1xx_hal_rcc.o
    0x08002af0   0x08002af0   0x00000020   Code   RO         1180    i.HAL_RCC_GetPCLK1Freq  stm32l1xx_hal_rcc.o
    0x08002b10   0x08002b10   0x00000020   Code   RO         1181    i.HAL_RCC_GetPCLK2Freq  stm32l1xx_hal_rcc.o
    0x08002b30   0x08002b30   0x0000007c   Code   RO         1182    i.HAL_RCC_GetSysClockFreq  stm32l1xx_hal_rcc.o
    0x08002bac   0x08002bac   0x000005d0   Code   RO         1185    i.HAL_RCC_OscConfig  stm32l1xx_hal_rcc.o
    0x0800317c   0x0800317c   0x00000034   Code   RO         1993    i.HAL_SYSTICK_Config  stm32l1xx_hal_cortex.o
    0x080031b0   0x080031b0   0x00000054   Code   RO         3262    i.HAL_TIMEx_MasterConfigSynchronization  stm32l1xx_hal_tim_ex.o
    0x08003204   0x08003204   0x00000034   Code   RO         2581    i.HAL_TIM_Base_Init  stm32l1xx_hal_tim.o
    0x08003238   0x08003238   0x00000044   Code   RO          350    i.HAL_TIM_Base_MspInit  stm32l1xx_hal_msp.o
    0x0800327c   0x0800327c   0x0000002a   Code   RO         2586    i.HAL_TIM_Base_Start_IT  stm32l1xx_hal_tim.o
    0x080032a6   0x080032a6   0x00000002   Code   RO         2610    i.HAL_TIM_IC_CaptureCallback  stm32l1xx_hal_tim.o
    0x080032a8   0x080032a8   0x00000152   Code   RO         2624    i.HAL_TIM_IRQHandler  stm32l1xx_hal_tim.o
    0x080033fa   0x080033fa   0x00000002   Code   RO         2627    i.HAL_TIM_OC_DelayElapsedCallback  stm32l1xx_hal_tim.o
    0x080033fc   0x080033fc   0x00000002   Code   RO         2654    i.HAL_TIM_PWM_PulseFinishedCallback  stm32l1xx_hal_tim.o
    0x080033fe   0x080033fe   0x00000002   PAD
    0x08003400   0x08003400   0x0000003c   Code   RO           17    i.HAL_TIM_PeriodElapsedCallback  main.o
    0x0800343c   0x0800343c   0x00000002   Code   RO         2667    i.HAL_TIM_TriggerCallback  stm32l1xx_hal_tim.o
    0x0800343e   0x0800343e   0x00000072   Code   RO         3317    i.HAL_UART_Init     stm32l1xx_hal_uart.o
    0x080034b0   0x080034b0   0x00000158   Code   RO          352    i.HAL_UART_MspInit  stm32l1xx_hal_msp.o
    0x08003608   0x08003608   0x000000de   Code   RO         3320    i.HAL_UART_Receive  stm32l1xx_hal_uart.o
    0x080036e6   0x080036e6   0x000000d6   Code   RO         3325    i.HAL_UART_Transmit  stm32l1xx_hal_uart.o
    0x080037bc   0x080037bc   0x00000004   Code   RO          277    i.HardFault_Handler  stm32l1xx_it.o
    0x080037c0   0x080037c0   0x0000003e   Code   RO         2171    i.I2C_IsAcknowledgeFailed  stm32l1xx_hal_i2c.o
    0x080037fe   0x080037fe   0x00000002   PAD
    0x08003800   0x08003800   0x00000138   Code   RO         2181    i.I2C_RequestMemoryRead  stm32l1xx_hal_i2c.o
    0x08003938   0x08003938   0x000000cc   Code   RO         2182    i.I2C_RequestMemoryWrite  stm32l1xx_hal_i2c.o
    0x08003a04   0x08003a04   0x0000005c   Code   RO         2190    i.I2C_WaitOnBTFFlagUntilTimeout  stm32l1xx_hal_i2c.o
    0x08003a60   0x08003a60   0x0000008e   Code   RO         2191    i.I2C_WaitOnFlagUntilTimeout  stm32l1xx_hal_i2c.o
    0x08003aee   0x08003aee   0x000000c4   Code   RO         2192    i.I2C_WaitOnMasterAddressFlagUntilTimeout  stm32l1xx_hal_i2c.o
    0x08003bb2   0x08003bb2   0x00000080   Code   RO         2193    i.I2C_WaitOnRXNEFlagUntilTimeout  stm32l1xx_hal_i2c.o
    0x08003c32   0x08003c32   0x0000005c   Code   RO         2195    i.I2C_WaitOnTXEFlagUntilTimeout  stm32l1xx_hal_i2c.o
    0x08003c8e   0x08003c8e   0x00000002   PAD
    0x08003c90   0x08003c90   0x00000070   Code   RO           18    i.MX_ADC_Init       main.o
    0x08003d00   0x08003d00   0x00000150   Code   RO           19    i.MX_GPIO_Init      main.o
    0x08003e50   0x08003e50   0x0000003c   Code   RO           20    i.MX_I2C1_Init      main.o
    0x08003e8c   0x08003e8c   0x0000004c   Code   RO           21    i.MX_TIM6_Init      main.o
    0x08003ed8   0x08003ed8   0x00000038   Code   RO           22    i.MX_USART1_UART_Init  main.o
    0x08003f10   0x08003f10   0x00000038   Code   RO           23    i.MX_USART2_UART_Init  main.o
    0x08003f48   0x08003f48   0x00000038   Code   RO           24    i.MX_USART3_UART_Init  main.o
    0x08003f80   0x08003f80   0x00000004   Code   RO          278    i.MemManage_Handler  stm32l1xx_it.o
    0x08003f84   0x08003f84   0x000000cc   Code   RO           25    i.NBIOT_send_task   main.o
    0x08004050   0x08004050   0x00000002   Code   RO          279    i.NMI_Handler       stm32l1xx_it.o
    0x08004052   0x08004052   0x00000002   PAD
    0x08004054   0x08004054   0x000000d0   Code   RO           26    i.OLED_disp_task    main.o
    0x08004124   0x08004124   0x00000128   Code   RO           27    i.PMS7003_read_task  main.o
    0x0800424c   0x0800424c   0x0000001c   Code   RO         3624    i.PMS_Init          aqi_thread.o
    0x08004268   0x08004268   0x000000a8   Code   RO         1186    i.RCC_SetFlashLatencyFromMSIRange  stm32l1xx_hal_rcc.o
    0x08004310   0x08004310   0x00000068   Code   RO           28    i.SystemClock_Config  main.o
    0x08004378   0x08004378   0x00000064   Code   RO          417    i.SystemInit        system_stm32l1xx.o
    0x080043dc   0x080043dc   0x00000010   Code   RO          280    i.TIM6_IRQHandler   stm32l1xx_it.o
    0x080043ec   0x080043ec   0x00000078   Code   RO         2669    i.TIM_Base_SetConfig  stm32l1xx_hal_tim.o
    0x08004464   0x08004464   0x00000310   Code   RO         3344    i.UART_SetConfig    stm32l1xx_hal_uart.o
    0x08004774   0x08004774   0x0000006c   Code   RO         3346    i.UART_WaitOnFlagUntilTimeout  stm32l1xx_hal_uart.o
    0x080047e0   0x080047e0   0x00000004   Code   RO          281    i.UsageFault_Handler  stm32l1xx_it.o
    0x080047e4   0x080047e4   0x00000030   Code   RO         5240    i.__0snprintf       mc_w.l(printfa.o)
    0x08004814   0x08004814   0x00000028   Code   RO         5241    i.__0sprintf        mc_w.l(printfa.o)
    0x0800483c   0x0800483c   0x00000010   Code   RO         1995    i.__NVIC_GetPriorityGrouping  stm32l1xx_hal_cortex.o
    0x0800484c   0x0800484c   0x00000028   Code   RO         1996    i.__NVIC_SetPriority  stm32l1xx_hal_cortex.o
    0x08004874   0x08004874   0x0000000c   Code   RO         5302    i.__mathlib_dbl_invalid  m_ws.l(dunder.o)
    0x08004880   0x08004880   0x0000000e   Code   RO         5379    i.__scatterload_copy  mc_w.l(handlers.o)
    0x0800488e   0x0800488e   0x00000002   Code   RO         5380    i.__scatterload_null  mc_w.l(handlers.o)
    0x08004890   0x08004890   0x0000000e   Code   RO         5381    i.__scatterload_zeroinit  mc_w.l(handlers.o)
    0x0800489e   0x0800489e   0x00000002   PAD
    0x080048a0   0x080048a0   0x0000000c   Code   RO         5338    i.__set_errno       mc_w.l(errno.o)
    0x080048ac   0x080048ac   0x00000184   Code   RO         5246    i._fp_digits        mc_w.l(printfa.o)
    0x08004a30   0x08004a30   0x00000046   Code   RO         4842    i._init_box         RTX_CM3.lib(rt_membox.o)
    0x08004a76   0x08004a76   0x0000000e   Code   RO         5275    i._is_digit         mc_w.l(scanf_fp.o)
    0x08004a84   0x08004a84   0x000006dc   Code   RO         5247    i._printf_core      mc_w.l(printfa.o)
    0x08005160   0x08005160   0x00000024   Code   RO         5248    i._printf_post_padding  mc_w.l(printfa.o)
    0x08005184   0x08005184   0x0000002e   Code   RO         5249    i._printf_pre_padding  mc_w.l(printfa.o)
    0x080051b2   0x080051b2   0x00000016   Code   RO         5250    i._snputc           mc_w.l(printfa.o)
    0x080051c8   0x080051c8   0x0000000a   Code   RO         5251    i._sputc            mc_w.l(printfa.o)
    0x080051d2   0x080051d2   0x00000124   Code   RO          454    i.bmp280_init       bmp280.o
    0x080052f6   0x080052f6   0x00000014   Code   RO          455    i.bmp280_init_default_params  bmp280.o
    0x0800530a   0x0800530a   0x000000c8   Code   RO          457    i.bmp280_read_fixed  bmp280.o
    0x080053d2   0x080053d2   0x00000002   PAD
    0x080053d4   0x080053d4   0x00000068   Code   RO          458    i.bmp280_read_float  bmp280.o
    0x0800543c   0x0800543c   0x0000007a   Code   RO          459    i.compensate_humidity  bmp280.o
    0x080054b6   0x080054b6   0x000001a0   Code   RO          460    i.compensate_pressure  bmp280.o
    0x08005656   0x08005656   0x00000002   PAD
    0x08005658   0x08005658   0x0000006c   Code   RO          548    i.convertDegMinToDecDeg  gps.o
    0x080056c4   0x080056c4   0x00000030   Code   RO         4895    i.dbg_init          RTX_CM3.lib(hal_cm.o)
    0x080056f4   0x080056f4   0x00000020   Code   RO         4896    i.dbg_task_notify   RTX_CM3.lib(hal_cm.o)
    0x08005714   0x08005714   0x00000010   Code   RO         4897    i.dbg_task_switch   RTX_CM3.lib(hal_cm.o)
    0x08005724   0x08005724   0x00000094   Code   RO         4978    i.fmod              m_ws.l(fmod.o)
    0x080057b8   0x080057b8   0x0000002a   Code   RO         3769    i.isrMessageGet     RTX_CM3.lib(rt_cmsis.o)
    0x080057e2   0x080057e2   0x0000002c   Code   RO         3770    i.isrMessagePut     RTX_CM3.lib(rt_cmsis.o)
    0x0800580e   0x0800580e   0x00000028   Code   RO         3771    i.isrSemaphoreRelease  RTX_CM3.lib(rt_cmsis.o)
    0x08005836   0x08005836   0x00000002   PAD
    0x08005838   0x08005838   0x00000056   Code   RO         4688    i.isr_mbx_receive   RTX_CM3.lib(rt_mailbox.o)
    0x0800588e   0x0800588e   0x0000000e   Code   RO         4689    i.isr_mbx_send      RTX_CM3.lib(rt_mailbox.o)
    0x0800589c   0x0800589c   0x00000010   Code   RO         4736    i.isr_sem_send      RTX_CM3.lib(rt_semaphore.o)
    0x080058ac   0x080058ac   0x00000134   Code   RO           29    i.main              main.o
    0x080059e0   0x080059e0   0x00000014   Code   RO         3628    i.mux_enable        aqi_thread.o
    0x080059f4   0x080059f4   0x00000160   Code   RO         3629    i.mux_sel           aqi_thread.o
    0x08005b54   0x08005b54   0x00000184   Code   RO         3630    i.oled_disp         aqi_thread.o
    0x08005cd8   0x08005cd8   0x00000018   Code   RO         3773    i.osDelay           RTX_CM3.lib(rt_cmsis.o)
    0x08005cf0   0x08005cf0   0x00000024   Code   RO         3774    i.osKernelInitialize  RTX_CM3.lib(rt_cmsis.o)
    0x08005d14   0x08005d14   0x0000006c   Code   RO         3776    i.osKernelStart     RTX_CM3.lib(rt_cmsis.o)
    0x08005d80   0x08005d80   0x00000018   Code   RO         3785    i.osMessageGet      RTX_CM3.lib(rt_cmsis.o)
    0x08005d98   0x08005d98   0x00000020   Code   RO         3791    i.osPoolAlloc       RTX_CM3.lib(rt_cmsis.o)
    0x08005db8   0x08005db8   0x0000002c   Code   RO         3793    i.osPoolCreate      RTX_CM3.lib(rt_cmsis.o)
    0x08005de4   0x08005de4   0x0000002c   Code   RO         3795    i.osSemaphoreCreate  RTX_CM3.lib(rt_cmsis.o)
    0x08005e10   0x08005e10   0x00000018   Code   RO         3797    i.osSemaphoreRelease  RTX_CM3.lib(rt_cmsis.o)
    0x08005e28   0x08005e28   0x00000018   Code   RO         3798    i.osSemaphoreWait   RTX_CM3.lib(rt_cmsis.o)
    0x08005e40   0x08005e40   0x0000002c   Code   RO         3802    i.osThreadCreate    RTX_CM3.lib(rt_cmsis.o)
    0x08005e6c   0x08005e6c   0x00000018   Code   RO         3803    i.osThreadExit      RTX_CM3.lib(rt_cmsis.o)
    0x08005e84   0x08005e84   0x0000000c   Code   RO         3809    i.osTimerCall       RTX_CM3.lib(rt_cmsis.o)
    0x08005e90   0x08005e90   0x0000002c   Code   RO         3814    i.osTimerThread     RTX_CM3.lib(rt_cmsis.o)
    0x08005ebc   0x08005ebc   0x00000022   Code   RO         3732    i.os_error          rtx_conf_cm.o
    0x08005ede   0x08005ede   0x00000004   Code   RO         3733    i.os_idle_demon     rtx_conf_cm.o
    0x08005ee2   0x08005ee2   0x00000002   PAD
    0x08005ee4   0x08005ee4   0x00000028   Code   RO         4476    i.os_tick_init      RTX_CM3.lib(rt_system.o)
    0x08005f0c   0x08005f0c   0x00000002   Code   RO         4477    i.os_tick_irqack    RTX_CM3.lib(rt_system.o)
    0x08005f0e   0x08005f0e   0x00000002   PAD
    0x08005f10   0x08005f10   0x00000050   Code   RO         3631    i.readBME280        aqi_thread.o
    0x08005f60   0x08005f60   0x00000148   Code   RO         3632    i.readPMS           aqi_thread.o
    0x080060a8   0x080060a8   0x000000b4   Code   RO          461    i.read_calibration_data  bmp280.o
    0x0800615c   0x0800615c   0x00000038   Code   RO          462    i.read_data         bmp280.o
    0x08006194   0x08006194   0x00000080   Code   RO          463    i.read_hum_calibration_data  bmp280.o
    0x08006214   0x08006214   0x0000004a   Code   RO          464    i.read_register16   bmp280.o
    0x0800625e   0x0800625e   0x0000001a   Code   RO         4843    i.rt_alloc_box      RTX_CM3.lib(rt_membox.o)
    0x08006278   0x08006278   0x0000003e   Code   RO         4871    i.rt_alloc_mem      RTX_CM3.lib(rt_memory.o)
    0x080062b6   0x080062b6   0x00000002   PAD
    0x080062b8   0x080062b8   0x00000038   Code   RO         4391    i.rt_block          RTX_CM3.lib(rt_task.o)
    0x080062f0   0x080062f0   0x00000048   Code   RO         4943    i.rt_chk_robin      RTX_CM3.lib(rt_robin.o)
    0x08006338   0x08006338   0x00000070   Code   RO         4612    i.rt_dec_dly        RTX_CM3.lib(rt_list.o)
    0x080063a8   0x080063a8   0x00000044   Code   RO         4392    i.rt_dispatch       RTX_CM3.lib(rt_task.o)
    0x080063ec   0x080063ec   0x00000006   Code   RO         4778    i.rt_dly_wait       RTX_CM3.lib(rt_time.o)
    0x080063f2   0x080063f2   0x00000002   PAD
    0x080063f4   0x080063f4   0x00000050   Code   RO         4569    i.rt_evt_psh        RTX_CM3.lib(rt_event.o)
    0x08006444   0x08006444   0x0000002c   Code   RO         4844    i.rt_free_box       RTX_CM3.lib(rt_membox.o)
    0x08006470   0x08006470   0x00000028   Code   RO         4872    i.rt_free_mem       RTX_CM3.lib(rt_memory.o)
    0x08006498   0x08006498   0x00000028   Code   RO         4613    i.rt_get_first      RTX_CM3.lib(rt_list.o)
    0x080064c0   0x080064c0   0x00000008   Code   RO         3819    i.rt_id2obj         RTX_CM3.lib(rt_cmsis.o)
    0x080064c8   0x080064c8   0x00000048   Code   RO         4393    i.rt_init_context   RTX_CM3.lib(rt_task.o)
    0x08006510   0x08006510   0x0000001a   Code   RO         4873    i.rt_init_mem       RTX_CM3.lib(rt_memory.o)
    0x0800652a   0x0800652a   0x00000002   PAD
    0x0800652c   0x0800652c   0x00000018   Code   RO         4944    i.rt_init_robin     RTX_CM3.lib(rt_robin.o)
    0x08006544   0x08006544   0x00000080   Code   RO         4898    i.rt_init_stack     RTX_CM3.lib(hal_cm.o)
    0x080065c4   0x080065c4   0x00000008   Code   RO         4690    i.rt_mbx_check      RTX_CM3.lib(rt_mailbox.o)
    0x080065cc   0x080065cc   0x0000001a   Code   RO         4691    i.rt_mbx_init       RTX_CM3.lib(rt_mailbox.o)
    0x080065e6   0x080065e6   0x00000002   PAD
    0x080065e8   0x080065e8   0x000000f0   Code   RO         4692    i.rt_mbx_psh        RTX_CM3.lib(rt_mailbox.o)
    0x080066d8   0x080066d8   0x000000b4   Code   RO         4694    i.rt_mbx_wait       RTX_CM3.lib(rt_mailbox.o)
    0x0800678c   0x0800678c   0x00000044   Code   RO         3820    i.rt_ms2tick        RTX_CM3.lib(rt_cmsis.o)
    0x080067d0   0x080067d0   0x0000007c   Code   RO         4480    i.rt_pop_req        RTX_CM3.lib(rt_system.o)
    0x0800684c   0x0800684c   0x00000020   Code   RO         4481    i.rt_psh_req        RTX_CM3.lib(rt_system.o)
    0x0800686c   0x0800686c   0x0000005c   Code   RO         4615    i.rt_psq_enq        RTX_CM3.lib(rt_list.o)
    0x080068c8   0x080068c8   0x00000048   Code   RO         4616    i.rt_put_dly        RTX_CM3.lib(rt_list.o)
    0x08006910   0x08006910   0x00000036   Code   RO         4617    i.rt_put_prio       RTX_CM3.lib(rt_list.o)
    0x08006946   0x08006946   0x00000002   PAD
    0x08006948   0x08006948   0x00000014   Code   RO         4618    i.rt_put_rdy_first  RTX_CM3.lib(rt_list.o)
    0x0800695c   0x0800695c   0x00000034   Code   RO         4619    i.rt_resort_prio    RTX_CM3.lib(rt_list.o)
    0x08006990   0x08006990   0x00000006   Code   RO         4899    i.rt_ret_val        RTX_CM3.lib(hal_cm.o)
    0x08006996   0x08006996   0x00000008   Code   RO         4900    i.rt_ret_val2       RTX_CM3.lib(hal_cm.o)
    0x0800699e   0x0800699e   0x00000028   Code   RO         4620    i.rt_rmv_dly        RTX_CM3.lib(rt_list.o)
    0x080069c6   0x080069c6   0x00000002   PAD
    0x080069c8   0x080069c8   0x00000030   Code   RO         4621    i.rt_rmv_list       RTX_CM3.lib(rt_list.o)
    0x080069f8   0x080069f8   0x0000000c   Code   RO         4738    i.rt_sem_init       RTX_CM3.lib(rt_semaphore.o)
    0x08006a04   0x08006a04   0x00000034   Code   RO         4739    i.rt_sem_psh        RTX_CM3.lib(rt_semaphore.o)
    0x08006a38   0x08006a38   0x0000002a   Code   RO         4740    i.rt_sem_send       RTX_CM3.lib(rt_semaphore.o)
    0x08006a62   0x08006a62   0x00000002   PAD
    0x08006a64   0x08006a64   0x00000040   Code   RO         4741    i.rt_sem_wait       RTX_CM3.lib(rt_semaphore.o)
    0x08006aa4   0x08006aa4   0x00000024   Code   RO         4483    i.rt_stk_check      RTX_CM3.lib(rt_system.o)
    0x08006ac8   0x08006ac8   0x00000028   Code   RO         4394    i.rt_switch_req     RTX_CM3.lib(rt_task.o)
    0x08006af0   0x08006af0   0x000000cc   Code   RO         4395    i.rt_sys_init       RTX_CM3.lib(rt_task.o)
    0x08006bbc   0x08006bbc   0x00000078   Code   RO         4396    i.rt_sys_start      RTX_CM3.lib(rt_task.o)
    0x08006c34   0x08006c34   0x00000040   Code   RO         4485    i.rt_systick        RTX_CM3.lib(rt_system.o)
    0x08006c74   0x08006c74   0x00000012   Code   RO         3821    i.rt_tid2ptcb       RTX_CM3.lib(rt_cmsis.o)
    0x08006c86   0x08006c86   0x00000002   PAD
    0x08006c88   0x08006c88   0x00000034   Code   RO         3822    i.rt_timer_insert   RTX_CM3.lib(rt_cmsis.o)
    0x08006cbc   0x08006cbc   0x00000088   Code   RO         4397    i.rt_tsk_create     RTX_CM3.lib(rt_task.o)
    0x08006d44   0x08006d44   0x0000017c   Code   RO         4398    i.rt_tsk_delete     RTX_CM3.lib(rt_task.o)
    0x08006ec0   0x08006ec0   0x0000007c   Code   RO         4400    i.rt_tsk_prio       RTX_CM3.lib(rt_task.o)
    0x08006f3c   0x08006f3c   0x00000010   Code   RO         4401    i.rt_tsk_self       RTX_CM3.lib(rt_task.o)
    0x08006f4c   0x08006f4c   0x00000358   Code   RO         3633    i.sendData_NBIOT    aqi_thread.o
    0x080072a4   0x080072a4   0x000000a0   Code   RO          598    i.ssd1306_DrawPixel  ssd1306.o
    0x08007344   0x08007344   0x00000020   Code   RO          599    i.ssd1306_Fill      ssd1306.o
    0x08007364   0x08007364   0x000000d0   Code   RO          600    i.ssd1306_Init      ssd1306.o
    0x08007434   0x08007434   0x00000002   Code   RO          601    i.ssd1306_Reset     ssd1306.o
    0x08007436   0x08007436   0x00000002   PAD
    0x08007438   0x08007438   0x0000000c   Code   RO          602    i.ssd1306_SetCursor  ssd1306.o
    0x08007444   0x08007444   0x00000038   Code   RO          603    i.ssd1306_UpdateScreen  ssd1306.o
    0x0800747c   0x0800747c   0x000000bc   Code   RO          604    i.ssd1306_WriteChar  ssd1306.o
    0x08007538   0x08007538   0x00000028   Code   RO          605    i.ssd1306_WriteCommand  ssd1306.o
    0x08007560   0x08007560   0x00000024   Code   RO          606    i.ssd1306_WriteData  ssd1306.o
    0x08007584   0x08007584   0x0000002c   Code   RO          607    i.ssd1306_WriteString  ssd1306.o
    0x080075b0   0x080075b0   0x00000012   Code   RO         3824    i.svcDelay          RTX_CM3.lib(rt_cmsis.o)
    0x080075c2   0x080075c2   0x00000002   PAD
    0x080075c4   0x080075c4   0x00000070   Code   RO         3825    i.svcKernelInitialize  RTX_CM3.lib(rt_cmsis.o)
    0x08007634   0x08007634   0x00000048   Code   RO         3827    i.svcKernelStart    RTX_CM3.lib(rt_cmsis.o)
    0x0800767c   0x0800767c   0x00000024   Code   RO         3830    i.svcMessageCreate  RTX_CM3.lib(rt_cmsis.o)
    0x080076a0   0x080076a0   0x0000003a   Code   RO         3831    i.svcMessageGet     RTX_CM3.lib(rt_cmsis.o)
    0x080076da   0x080076da   0x00000028   Code   RO         3837    i.svcPoolCreate     RTX_CM3.lib(rt_cmsis.o)
    0x08007702   0x08007702   0x00000024   Code   RO         3838    i.svcSemaphoreCreate  RTX_CM3.lib(rt_cmsis.o)
    0x08007726   0x08007726   0x00000028   Code   RO         3840    i.svcSemaphoreRelease  RTX_CM3.lib(rt_cmsis.o)
    0x0800774e   0x0800774e   0x00000032   Code   RO         3841    i.svcSemaphoreWait  RTX_CM3.lib(rt_cmsis.o)
    0x08007780   0x08007780   0x0000006c   Code   RO         3845    i.svcThreadCreate   RTX_CM3.lib(rt_cmsis.o)
    0x080077ec   0x080077ec   0x0000001c   Code   RO         3846    i.svcThreadGetId    RTX_CM3.lib(rt_cmsis.o)
    0x08007808   0x08007808   0x00000038   Code   RO         3849    i.svcThreadTerminate  RTX_CM3.lib(rt_cmsis.o)
    0x08007840   0x08007840   0x00000018   Code   RO         3851    i.svcTimerCall      RTX_CM3.lib(rt_cmsis.o)
    0x08007858   0x08007858   0x0000000a   Code   RO         3858    i.sysPoolAlloc      RTX_CM3.lib(rt_cmsis.o)
    0x08007862   0x08007862   0x00000002   PAD
    0x08007864   0x08007864   0x0000005c   Code   RO         3860    i.sysTimerTick      RTX_CM3.lib(rt_cmsis.o)
    0x080078c0   0x080078c0   0x00000038   Code   RO          465    i.write_register8   bmp280.o
    0x080078f8   0x080078f8   0x00000070   Data   RO           31    .constdata          main.o
    0x08007968   0x08007968   0x00000021   Data   RO          418    .constdata          system_stm32l1xx.o
    0x08007989   0x08007989   0x00000001   PAD
    0x0800798a   0x0800798a   0x00002e04   Data   RO          684    .constdata          ssd1306_fonts.o
    0x0800a78e   0x0800a78e   0x00000002   PAD
    0x0800a790   0x0800a790   0x00000068   Data   RO         3735    .constdata          rtx_conf_cm.o
    0x0800a7f8   0x0800a7f8   0x00000040   Data   RO         5375    .constdata          mc_w.l(ctype_c.o)
    0x0800a838   0x0800a838   0x00000049   Data   RO          550    .conststring        gps.o
    0x0800a881   0x0800a881   0x00000003   PAD
    0x0800a884   0x0800a884   0x00000048   Data   RO         3637    .conststring        aqi_thread.o
    0x0800a8cc   0x0800a8cc   0x00000020   Data   RO         5377    Region$$Table       anon$$obj.o


    Execution Region RW_IRAM1 (Exec base: 0x20000000, Load base: 0x0800a8ec, Size: 0x00002618, Max: 0x00002800, ABSOLUTE)

    Exec Addr    Load Addr    Size         Type   Attr      Idx    E Section Name        Object

    0x20000000   0x0800a8ec   0x00000064   Data   RW           32    .data               main.o
    0x20000064   0x0800a950   0x00000004   Data   RW          419    .data               system_stm32l1xx.o
    0x20000068   0x0800a954   0x00000006   Data   RW          609    .data               ssd1306.o
    0x2000006e   0x0800a95a   0x00000002   PAD
    0x20000070   0x0800a95c   0x00000020   Data   RW          685    .data               ssd1306_fonts.o
    0x20000090   0x0800a97c   0x0000000c   Data   RW         1023    .data               stm32l1xx_hal.o
    0x2000009c   0x0800a988   0x00000048   Data   RW         3638    .data               aqi_thread.o
    0x200000e4   0x0800a9d0   0x00000010   Data   RW         3736    .data               rtx_conf_cm.o
    0x200000f4   0x0800a9e0   0x00000008   Data   RW         3863    .data               RTX_CM3.lib(rt_cmsis.o)
    0x200000fc   0x0800a9e8   0x00000008   Data   RW         4403    .data               RTX_CM3.lib(rt_task.o)
    0x20000104   0x0800a9f0   0x00000008   Data   RW         4488    .data               RTX_CM3.lib(rt_system.o)
    0x2000010c   0x0800a9f8   0x00000004   Data   RW         4782    .data               RTX_CM3.lib(rt_time.o)
    0x20000110   0x0800a9fc   0x00000001   Data   RW         4901    .data               RTX_CM3.lib(hal_cm.o)
    0x20000111   0x0800a9fd   0x00000003   PAD
    0x20000114   0x0800aa00   0x00000008   Data   RW         4945    .data               RTX_CM3.lib(rt_robin.o)
    0x2000011c   0x0800aa08   0x00000004   Data   RW         5339    .data               mc_w.l(errno.o)
    0x20000120        -       0x00000080   Zero   RW           30    .bss                main.o
    0x200001a0        -       0x00000250   Zero   RW          549    .bss                gps.o
    0x200003f0        -       0x00000400   Zero   RW          608    .bss                ssd1306.o
    0x200007f0        -       0x00000308   Zero   RW         3636    .bss                aqi_thread.o
    0x20000af8        -       0x000016b8   Zero   RW         3734    .bss                rtx_conf_cm.o
    0x200021b0        -       0x00000034   Zero   RW         4402    .bss                RTX_CM3.lib(rt_task.o)
    0x200021e4        -       0x00000030   Zero   RW         4622    .bss                RTX_CM3.lib(rt_list.o)
    0x20002214   0x0800aa0c   0x00000004   PAD
    0x20002218        -       0x00000400   Zero   RW            1    STACK               startup_stm32l152xb.o


==============================================================================

Image component sizes


      Code (inc. data)   RO Data    RW Data    ZI Data      Debug   Object Name

      2148        296         72         72        776      10420   aqi_thread.o
      1648          6          0          0          0      12411   bmp280.o
       500         46         73          0        592       3243   gps.o
      2482        334        112        100        128     411585   main.o
        62          6        104         16       5816       7844   rtx_conf_cm.o
       778         38          0          6       1024       9113   ssd1306.o
         0          0      11780         32          0       1515   ssd1306_fonts.o
        36          8        244          0       1024        860   startup_stm32l152xb.o
       154         28          0         12          0       3545   stm32l1xx_hal.o
       944         34          0          0          0       2663   stm32l1xx_hal_adc.o
       304         22          0          0          0      31691   stm32l1xx_hal_cortex.o
       792         66          0          0          0       3929   stm32l1xx_hal_gpio.o
      2840         46          0          0          0      12703   stm32l1xx_hal_i2c.o
       796         82          0          0          0       4616   stm32l1xx_hal_msp.o
      2400        114          0          0          0       7124   stm32l1xx_hal_rcc.o
       560         20          0          0          0       5894   stm32l1xx_hal_tim.o
        84          0          0          0          0       1388   stm32l1xx_hal_tim_ex.o
      1442          4          0          0          0       4967   stm32l1xx_hal_uart.o
        46          6          0          0          0       3902   stm32l1xx_it.o
       100         18         33          4          0       1427   system_stm32l1xx.o

    ----------------------------------------------------------------------
     18136       1174      12456        244       9360     540840   Object Totals
         0          0         32          0          0          0   (incl. Generated)
        20          0          6          2          0          0   (incl. Padding)

    ----------------------------------------------------------------------

      Code (inc. data)   RO Data    RW Data    ZI Data      Debug   Library Member Name

       238         24          0          1          0       3268   hal_cm.o
       304         36          0          0          0        760   hal_cm3.o
      1536        176          0          8          0      40014   rt_cmsis.o
        80          4          0          0          0        653   rt_event.o
       530         34          0          0         48       8169   rt_list.o
       554         10          0          0          0       3901   rt_mailbox.o
       140          0          0          0          0       1901   rt_membox.o
       128          0          0          0          0       2275   rt_memory.o
        96         22          0          8          0       1134   rt_robin.o
       186         10          0          0          0       2870   rt_semaphore.o
       298         52          0          8          0       6151   rt_system.o
      1216        174          0          8         52       9565   rt_task.o
         6          0          0          4          0        644   rt_time.o
         4          4          0          0          0        200   svc_table.o
        12          0          0          0          0         68   dunder.o
       148          4          0          0          0         88   fmod.o
        56          8          0          0          0         84   __0sscanf.o
        28          0          0          0          0         68   _chval.o
       812          4          0          0          0        112   _scanf.o
       332          0          0          0          0         96   _scanf_int.o
       224          0          0          0          0         96   _scanf_str.o
        64          0          0          0          0         84   _sgetc.o
        40          6         64          0          0         68   ctype_c.o
         0          0          0          0          0          0   entry.o
         0          0          0          0          0          0   entry10a.o
         0          0          0          0          0          0   entry11a.o
         8          4          0          0          0          0   entry2.o
         4          0          0          0          0          0   entry5.o
         0          0          0          0          0          0   entry7b.o
         0          0          0          0          0          0   entry8b.o
        12          6          0          4          0         68   errno.o
        30          0          0          0          0          0   handlers.o
        36          8          0          0          0         68   init.o
        10          0          0          0          0         68   isspace_c.o
         0          0          0          0          0          0   iusefp.o
        98          0          0          0          0         84   ldiv.o
        30          0          0          0          0         68   llshl.o
        36          0          0          0          0         68   llsshr.o
        32          0          0          0          0         68   llushr.o
        64          0          0          0          0         76   memmovea.o
        36          0          0          0          0        108   memseta.o
      2346         90          0          0          0        672   printfa.o
        40          8          0          0          0         84   scanf_char.o
       878         12          0          0          0        216   scanf_fp.o
        14          0          0          0          0         68   strlen.o
        36          0          0          0          0         80   strstr.o
        44          0          0          0          0         80   uidiv.o
        98          0          0          0          0         92   uldiv.o
        48          0          0          0          0         68   cdrcmple.o
        56          0          0          0          0         88   d2f.o
       334          0          0          0          0        148   dadd.o
       222          0          0          0          0        100   ddiv.o
       186          0          0          0          0        176   depilogue.o
        48          0          0          0          0         68   dfixul.o
        24          0          0          0          0         76   dfltul.o
       228          0          0          0          0         96   dmul.o
       134          0          0          0          0         96   drem.o
        38          0          0          0          0         68   f2d.o
       124          0          0          0          0         88   fdiv.o
       110          0          0          0          0        168   fepilogue.o
        50          0          0          0          0         68   ffixi.o
        40          0          0          0          0         68   ffixui.o
        18          0          0          0          0         68   fflti.o
        10          0          0          0          0         68   ffltui.o

    ----------------------------------------------------------------------
     12588        696         64         44        104      85749   Library Totals
        34          0          0          3          4          0   (incl. Padding)

    ----------------------------------------------------------------------

      Code (inc. data)   RO Data    RW Data    ZI Data      Debug   Library Name

      5316        546          0         37        100      81505   RTX_CM3.lib
       160          4          0          0          0        156   m_ws.l
      5408        146         64          4          0       2576   mc_w.l
      1670          0          0          0          0       1512   mf_w.l

    ----------------------------------------------------------------------
     12588        696         64         44        104      85749   Library Totals

    ----------------------------------------------------------------------

==============================================================================


      Code (inc. data)   RO Data    RW Data    ZI Data      Debug   

     30724       1870      12520        288       9464     614053   Grand Totals
     30724       1870      12520        288       9464     614053   ELF Image Totals
     30724       1870      12520        288          0          0   ROM Totals

==============================================================================

    Total RO  Size (Code + RO Data)                43244 (  42.23kB)
    Total RW  Size (RW Data + ZI Data)              9752 (   9.52kB)
    Total ROM Size (Code + RO Data + RW Data)      43532 (  42.51kB)

==============================================================================

